Archive member included to satisfy reference by file (symbol)

/opt/st/stm32cubeide_1.1.0/plugins/com.st.stm32cube.ide.mcu.externaltools.gnu-tools-for-stm32.7-2018-q2-update.linux64_1.0.0.201904181610/tools/bin/../lib/gcc/arm-none-eabi/7.3.1/../../../../arm-none-eabi/lib/thumb/v6-m/libc_nano.a(lib_a-errno.o)
                              Core/Src/syscalls.o (__errno)
/opt/st/stm32cubeide_1.1.0/plugins/com.st.stm32cube.ide.mcu.externaltools.gnu-tools-for-stm32.7-2018-q2-update.linux64_1.0.0.201904181610/tools/bin/../lib/gcc/arm-none-eabi/7.3.1/../../../../arm-none-eabi/lib/thumb/v6-m/libc_nano.a(lib_a-exit.o)
                              /opt/st/stm32cubeide_1.1.0/plugins/com.st.stm32cube.ide.mcu.externaltools.gnu-tools-for-stm32.7-2018-q2-update.linux64_1.0.0.201904181610/tools/bin/../lib/gcc/arm-none-eabi/7.3.1/../../../../arm-none-eabi/lib/thumb/v6-m/crt0.o (exit)
/opt/st/stm32cubeide_1.1.0/plugins/com.st.stm32cube.ide.mcu.externaltools.gnu-tools-for-stm32.7-2018-q2-update.linux64_1.0.0.201904181610/tools/bin/../lib/gcc/arm-none-eabi/7.3.1/../../../../arm-none-eabi/lib/thumb/v6-m/libc_nano.a(lib_a-impure.o)
                              /opt/st/stm32cubeide_1.1.0/plugins/com.st.stm32cube.ide.mcu.externaltools.gnu-tools-for-stm32.7-2018-q2-update.linux64_1.0.0.201904181610/tools/bin/../lib/gcc/arm-none-eabi/7.3.1/../../../../arm-none-eabi/lib/thumb/v6-m/libc_nano.a(lib_a-exit.o) (_global_impure_ptr)
/opt/st/stm32cubeide_1.1.0/plugins/com.st.stm32cube.ide.mcu.externaltools.gnu-tools-for-stm32.7-2018-q2-update.linux64_1.0.0.201904181610/tools/bin/../lib/gcc/arm-none-eabi/7.3.1/../../../../arm-none-eabi/lib/thumb/v6-m/libc_nano.a(lib_a-init.o)
                              /opt/st/stm32cubeide_1.1.0/plugins/com.st.stm32cube.ide.mcu.externaltools.gnu-tools-for-stm32.7-2018-q2-update.linux64_1.0.0.201904181610/tools/bin/../lib/gcc/arm-none-eabi/7.3.1/../../../../arm-none-eabi/lib/thumb/v6-m/crt0.o (__libc_init_array)
/opt/st/stm32cubeide_1.1.0/plugins/com.st.stm32cube.ide.mcu.externaltools.gnu-tools-for-stm32.7-2018-q2-update.linux64_1.0.0.201904181610/tools/bin/../lib/gcc/arm-none-eabi/7.3.1/../../../../arm-none-eabi/lib/thumb/v6-m/libc_nano.a(lib_a-memset.o)
                              /opt/st/stm32cubeide_1.1.0/plugins/com.st.stm32cube.ide.mcu.externaltools.gnu-tools-for-stm32.7-2018-q2-update.linux64_1.0.0.201904181610/tools/bin/../lib/gcc/arm-none-eabi/7.3.1/../../../../arm-none-eabi/lib/thumb/v6-m/crt0.o (memset)
/opt/st/stm32cubeide_1.1.0/plugins/com.st.stm32cube.ide.mcu.externaltools.gnu-tools-for-stm32.7-2018-q2-update.linux64_1.0.0.201904181610/tools/bin/../lib/gcc/arm-none-eabi/7.3.1/../../../../arm-none-eabi/lib/thumb/v6-m/libc_nano.a(lib_a-sprintf.o)
                              Core/Src/main.o (sprintf)
/opt/st/stm32cubeide_1.1.0/plugins/com.st.stm32cube.ide.mcu.externaltools.gnu-tools-for-stm32.7-2018-q2-update.linux64_1.0.0.201904181610/tools/bin/../lib/gcc/arm-none-eabi/7.3.1/../../../../arm-none-eabi/lib/thumb/v6-m/libc_nano.a(lib_a-strlen.o)
                              Core/Src/main.o (strlen)
/opt/st/stm32cubeide_1.1.0/plugins/com.st.stm32cube.ide.mcu.externaltools.gnu-tools-for-stm32.7-2018-q2-update.linux64_1.0.0.201904181610/tools/bin/../lib/gcc/arm-none-eabi/7.3.1/../../../../arm-none-eabi/lib/thumb/v6-m/libc_nano.a(lib_a-nano-svfprintf.o)
                              /opt/st/stm32cubeide_1.1.0/plugins/com.st.stm32cube.ide.mcu.externaltools.gnu-tools-for-stm32.7-2018-q2-update.linux64_1.0.0.201904181610/tools/bin/../lib/gcc/arm-none-eabi/7.3.1/../../../../arm-none-eabi/lib/thumb/v6-m/libc_nano.a(lib_a-sprintf.o) (_svfprintf_r)
/opt/st/stm32cubeide_1.1.0/plugins/com.st.stm32cube.ide.mcu.externaltools.gnu-tools-for-stm32.7-2018-q2-update.linux64_1.0.0.201904181610/tools/bin/../lib/gcc/arm-none-eabi/7.3.1/../../../../arm-none-eabi/lib/thumb/v6-m/libc_nano.a(lib_a-nano-vfprintf_i.o)
                              /opt/st/stm32cubeide_1.1.0/plugins/com.st.stm32cube.ide.mcu.externaltools.gnu-tools-for-stm32.7-2018-q2-update.linux64_1.0.0.201904181610/tools/bin/../lib/gcc/arm-none-eabi/7.3.1/../../../../arm-none-eabi/lib/thumb/v6-m/libc_nano.a(lib_a-nano-svfprintf.o) (_printf_i)
/opt/st/stm32cubeide_1.1.0/plugins/com.st.stm32cube.ide.mcu.externaltools.gnu-tools-for-stm32.7-2018-q2-update.linux64_1.0.0.201904181610/tools/bin/../lib/gcc/arm-none-eabi/7.3.1/../../../../arm-none-eabi/lib/thumb/v6-m/libc_nano.a(lib_a-memchr-stub.o)
                              /opt/st/stm32cubeide_1.1.0/plugins/com.st.stm32cube.ide.mcu.externaltools.gnu-tools-for-stm32.7-2018-q2-update.linux64_1.0.0.201904181610/tools/bin/../lib/gcc/arm-none-eabi/7.3.1/../../../../arm-none-eabi/lib/thumb/v6-m/libc_nano.a(lib_a-nano-svfprintf.o) (memchr)
/opt/st/stm32cubeide_1.1.0/plugins/com.st.stm32cube.ide.mcu.externaltools.gnu-tools-for-stm32.7-2018-q2-update.linux64_1.0.0.201904181610/tools/bin/../lib/gcc/arm-none-eabi/7.3.1/../../../../arm-none-eabi/lib/thumb/v6-m/libc_nano.a(lib_a-memcpy-stub.o)
[...]
Memory Configuration

Name             Origin             Length             Attributes
RAM              0x0000000020000000 0x0000000000002000 xrw
FLASH            0x0000000008000000 0x0000000000010000 xr
*default*        0x0000000000000000 0xffffffffffffffff

Linker script and memory map

LOAD /opt/st/stm32cubeide_1.1.0/plugins/com.st.stm32cube.ide.mcu.externaltools.gnu-tools-for-stm32.7-2018-q2-update.linux64_1.0.0.201904181610/tools/bin/../lib/gcc/arm-none-eabi/7.3.1/thumb/v6-m/crti.o
LOAD /opt/st/stm32cubeide_1.1.0/plugins/com.st.stm32cube.ide.mcu.externaltools.gnu-tools-for-stm32.7-2018-q2-update.linux64_1.0.0.201904181610/tools/bin/../lib/gcc/arm-none-eabi/7.3.1/thumb/v6-m/crtbegin.o
LOAD /opt/st/stm32cubeide_1.1.0/plugins/com.st.stm32cube.ide.mcu.externaltools.gnu-tools-for-stm32.7-2018-q2-update.linux64_1.0.0.201904181610/tools/bin/../lib/gcc/arm-none-eabi/7.3.1/../../../../arm-none-eabi/lib/thumb/v6-m/crt0.o
LOAD Core/Src/adc.o
LOAD Core/Src/at24c32_object.o
LOAD Core/Src/atm_barometer_object.o
LOAD Core/Src/depth_switch_object.o
LOAD Core/Src/fonts.o
LOAD Core/Src/gpio.o
LOAD Core/Src/i2c.o
LOAD Core/Src/main.o
LOAD Core/Src/one_second_timer_object.o
LOAD Core/Src/pressure_sensor_object.o
LOAD Core/Src/rtc_ds3231_object.o
LOAD Core/Src/spi.o
LOAD Core/Src/ssd1306.o
LOAD Core/Src/stm32l0xx_hal_msp.o
LOAD Core/Src/stm32l0xx_it.o
LOAD Core/Src/sys.o
LOAD Core/Src/syscalls.o
LOAD Core/Src/sysmem.o
LOAD Core/Src/system_stm32l0xx.o
LOAD Core/Src/tim.o
LOAD Core/Src/usart.o
LOAD Core/Src/voltmeter_object.o
LOAD Core/Startup/startup_stm32l051c8tx.o
LOAD Drivers/STM32L0xx_HAL_Driver/Src/stm32l0xx_hal.o
LOAD Drivers/STM32L0xx_HAL_Driver/Src/stm32l0xx_hal_adc.o
LOAD Drivers/STM32L0xx_HAL_Driver/Src/stm32l0xx_hal_adc_ex.o
LOAD Drivers/STM32L0xx_HAL_Driver/Src/stm32l0xx_hal_cortex.o
LOAD Drivers/STM32L0xx_HAL_Driver/Src/stm32l0xx_hal_dma.o
LOAD Drivers/STM32L0xx_HAL_Driver/Src/stm32l0xx_hal_flash.o
LOAD Drivers/STM32L0xx_HAL_Driver/Src/stm32l0xx_hal_flash_ex.o
LOAD Drivers/STM32L0xx_HAL_Driver/Src/stm32l0xx_hal_flash_ramfunc.o
LOAD Drivers/STM32L0xx_HAL_Driver/Src/stm32l0xx_hal_gpio.o
LOAD Drivers/STM32L0xx_HAL_Driver/Src/stm32l0xx_hal_i2c.o
LOAD Drivers/STM32L0xx_HAL_Driver/Src/stm32l0xx_hal_i2c_ex.o
LOAD Drivers/STM32L0xx_HAL_Driver/Src/stm32l0xx_hal_pwr.o
LOAD Drivers/STM32L0xx_HAL_Driver/Src/stm32l0xx_hal_pwr_ex.o
LOAD Drivers/STM32L0xx_HAL_Driver/Src/stm32l0xx_hal_rcc.o
LOAD Drivers/STM32L0xx_HAL_Driver/Src/stm32l0xx_hal_rcc_ex.o
LOAD Drivers/STM32L0xx_HAL_Driver/Src/stm32l0xx_hal_spi.o
LOAD Drivers/STM32L0xx_HAL_Driver/Src/stm32l0xx_hal_tim.o
LOAD Drivers/STM32L0xx_HAL_Driver/Src/stm32l0xx_hal_tim_ex.o
LOAD Drivers/STM32L0xx_HAL_Driver/Src/stm32l0xx_hal_uart.o
LOAD Drivers/STM32L0xx_HAL_Driver/Src/stm32l0xx_hal_uart_ex.o
START GROUP
LOAD /opt/st/stm32cubeide_1.1.0/plugins/com.st.stm32cube.ide.mcu.externaltools.gnu-tools-for-stm32.7-2018-q2-update.linux64_1.0.0.201904181610/tools/bin/../lib/gcc/arm-none-eabi/7.3.1/../../../../arm-none-eabi/lib/thumb/v6-m/libc_nano.a
LOAD /opt/st/stm32cubeide_1.1.0/plugins/com.st.stm32cube.ide.mcu.externaltools.gnu-tools-for-stm32.7-2018-q2-update.linux64_1.0.0.201904181610/tools/bin/../lib/gcc/arm-none-eabi/7.3.1/../../../../arm-none-eabi/lib/thumb/v6-m/libm.a
END GROUP
START GROUP
LOAD /opt/st/stm32cubeide_1.1.0/plugins/com.st.stm32cube.ide.mcu.externaltools.gnu-tools-for-stm32.7-2018-q2-update.linux64_1.0.0.201904181610/tools/bin/../lib/gcc/arm-none-eabi/7.3.1/thumb/v6-m/libgcc.a
LOAD /opt/st/stm32cubeide_1.1.0/plugins/com.st.stm32cube.ide.mcu.externaltools.gnu-tools-for-stm32.7-2018-q2-update.linux64_1.0.0.201904181610/tools/bin/../lib/gcc/arm-none-eabi/7.3.1/../../../../arm-none-eabi/lib/thumb/v6-m/libc_nano.a
END GROUP
START GROUP
LOAD /opt/st/stm32cubeide_1.1.0/plugins/com.st.stm32cube.ide.mcu.externaltools.gnu-tools-for-stm32.7-2018-q2-update.linux64_1.0.0.201904181610/tools/bin/../lib/gcc/arm-none-eabi/7.3.1/thumb/v6-m/libgcc.a
LOAD /opt/st/stm32cubeide_1.1.0/plugins/com.st.stm32cube.ide.mcu.externaltools.gnu-tools-for-stm32.7-2018-q2-update.linux64_1.0.0.201904181610/tools/bin/../lib/gcc/arm-none-eabi/7.3.1/../../../../arm-none-eabi/lib/thumb/v6-m/libc_nano.a
LOAD /opt/st/stm32cubeide_1.1.0/plugins/com.st.stm32cube.ide.mcu.externaltools.gnu-tools-for-stm32.7-2018-q2-update.linux64_1.0.0.201904181610/tools/bin/../lib/gcc/arm-none-eabi/7.3.1/../../../../arm-none-eabi/lib/thumb/v6-m/libnosys.a
END GROUP
START GROUP
LOAD /opt/st/stm32cubeide_1.1.0/plugins/com.st.stm32cube.ide.mcu.externaltools.gnu-tools-for-stm32.7-2018-q2-update.linux64_1.0.0.201904181610/tools/bin/../lib/gcc/arm-none-eabi/7.3.1/thumb/v6-m/libgcc.a
LOAD /opt/st/stm32cubeide_1.1.0/plugins/com.st.stm32cube.ide.mcu.externaltools.gnu-tools-for-stm32.7-2018-q2-update.linux64_1.0.0.201904181610/tools/bin/../lib/gcc/arm-none-eabi/7.3.1/../../../../arm-none-eabi/lib/thumb/v6-m/libc_nano.a
LOAD /opt/st/stm32cubeide_1.1.0/plugins/com.st.stm32cube.ide.mcu.externaltools.gnu-tools-for-stm32.7-2018-q2-update.linux64_1.0.0.201904181610/tools/bin/../lib/gcc/arm-none-eabi/7.3.1/../../../../arm-none-eabi/lib/thumb/v6-m/libnosys.a
END GROUP
LOAD /opt/st/stm32cubeide_1.1.0/plugins/com.st.stm32cube.ide.mcu.externaltools.gnu-tools-for-stm32.7-2018-q2-update.linux64_1.0.0.201904181610/tools/bin/../lib/gcc/arm-none-eabi/7.3.1/thumb/v6-m/crtend.o
LOAD /opt/st/stm32cubeide_1.1.0/plugins/com.st.stm32cube.ide.mcu.externaltools.gnu-tools-for-stm32.7-2018-q2-update.linux64_1.0.0.201904181610/tools/bin/../lib/gcc/arm-none-eabi/7.3.1/thumb/v6-m/crtn.o
                0x0000000020002000                _estack = (ORIGIN (RAM) + LENGTH (RAM))
                0x0000000000000200                _Min_Heap_Size = 0x200
                0x0000000000000400                _Min_Stack_Size = 0x400

.isr_vector     0x0000000008000000       0xc0
                0x0000000008000000                . = ALIGN (0x4)
 *(.isr_vector)
 .isr_vector    0x0000000008000000       0xc0 Core/Startup/startup_stm32l051c8tx.o
                0x0000000008000000                g_pfnVectors
                0x00000000080000c0                . = ALIGN (0x4)

.text           0x00000000080000c0     0x9204
                0x00000000080000c0                . = ALIGN (0x4)
 *(.text)
 .text          0x00000000080000c0       0x48 /opt/st/stm32cubeide_1.1.0/plugins/com.st.stm32cube.ide.mcu.externaltools.gnu-tools-for-stm32.7-2018-q2-update.linux64_1.0.0.201904181610/tools/bin/../lib/gcc/arm-none-eabi/7.3.1/thumb/v6-m/crtbegin.o
 .text          0x0000000008000108        0xe /opt/st/stm32cubeide_1.1.0/plugins/com.st.stm32cube.ide.mcu.externaltools.gnu-tools-for-stm32.7-2018-q2-update.linux64_1.0.0.201904181610/tools/bin/../lib/gcc/arm-none-eabi/7.3.1/../../../../arm-none-eabi/lib/thumb/v6-m/libc_nano.a(lib_a-strlen.o)
                0x0000000008000108                strlen
 *fill*         0x0000000008000116        0x2 
 .text          0x0000000008000118      0x114 /opt/st/stm32cubeide_1.1.0/plugins/com.st.stm32cube.ide.mcu.externaltools.gnu-tools-for-stm32.7-2018-q2-update.linux64_1.0.0.201904181610/tools/bin/../lib/gcc/arm-none-eabi/7.3.1/thumb/v6-m/libgcc.a(_udivsi3.o)
                0x0000000008000118                __udivsi3
                0x0000000008000118                __aeabi_uidiv
                0x0000000008000224                __aeabi_uidivmod
 .text          0x000000000800022c        0x4 /opt/st/stm32cubeide_1.1.0/plugins/com.st.stm32cube.ide.mcu.externaltools.gnu-tools-for-stm32.7-2018-q2-update.linux64_1.0.0.201904181610/tools/bin/../lib/gcc/arm-none-eabi/7.3.1/thumb/v6-m/libgcc.a(_dvmd_tls.o)
                0x000000000800022c                __aeabi_ldiv0
                0x000000000800022c                __aeabi_idiv0
 .text          0x0000000008000230       0x7c /opt/st/stm32cubeide_1.1.0/plugins/com.st.stm32cube.ide.mcu.externaltools.gnu-tools-for-stm32.7-2018-q2-update.linux64_1.0.0.201904181610/tools/bin/../lib/gcc/arm-none-eabi/7.3.1/thumb/v6-m/libgcc.a(_arm_cmpdf2.o)
                0x0000000008000230                __aeabi_cdrcmple
                0x0000000008000240                __aeabi_cdcmple
                0x0000000008000240                __aeabi_cdcmpeq
                0x0000000008000250                __aeabi_dcmpeq
                0x000000000800025c                __aeabi_dcmplt
                0x0000000008000270                __aeabi_dcmple
                0x0000000008000284                __aeabi_dcmpgt
                0x0000000008000298                __aeabi_dcmpge
 .text          0x00000000080002ac       0x40 /opt/st/stm32cubeide_1.1.0/plugins/com.st.stm32cube.ide.mcu.externaltools.gnu-tools-for-stm32.7-2018-q2-update.linux64_1.0.0.201904181610/tools/bin/../lib/gcc/arm-none-eabi/7.3.1/thumb/v6-m/libgcc.a(_aeabi_uldivmod.o)
                0x00000000080002ac                __aeabi_uldivmod
 .text          0x00000000080002ec       0x3c /opt/st/stm32cubeide_1.1.0/plugins/com.st.stm32cube.ide.mcu.externaltools.gnu-tools-for-stm32.7-2018-q2-update.linux64_1.0.0.201904181610/tools/bin/../lib/gcc/arm-none-eabi/7.3.1/thumb/v6-m/libgcc.a(_fixunsdfsi.o)
                0x00000000080002ec                __fixunsdfsi
                0x00000000080002ec                __aeabi_d2uiz
 .text          0x0000000008000328      0x184 /opt/st/stm32cubeide_1.1.0/plugins/com.st.stm32cube.ide.mcu.externaltools.gnu-tools-for-stm32.7-2018-q2-update.linux64_1.0.0.201904181610/tools/bin/../lib/gcc/arm-none-eabi/7.3.1/thumb/v6-m/libgcc.a(_udivmoddi4.o)
                0x0000000008000328                __udivmoddi4
 .text          0x00000000080004ac      0x638 /opt/st/stm32cubeide_1.1.0/plugins/com.st.stm32cube.ide.mcu.externaltools.gnu-tools-for-stm32.7-2018-q2-update.linux64_1.0.0.201904181610/tools/bin/../lib/gcc/arm-none-eabi/7.3.1/thumb/v6-m/libgcc.a(adddf3.o)
                0x00000000080004ac                __aeabi_dadd
 .text          0x0000000008000ae4      0x604 /opt/st/stm32cubeide_1.1.0/plugins/com.st.stm32cube.ide.mcu.externaltools.gnu-tools-for-stm32.7-2018-q2-update.linux64_1.0.0.201904181610/tools/bin/../lib/gcc/arm-none-eabi/7.3.1/thumb/v6-m/libgcc.a(divdf3.o)
                0x0000000008000ae4                __aeabi_ddiv
 .text          0x00000000080010e8       0x78 /opt/st/stm32cubeide_1.1.0/plugins/com.st.stm32cube.ide.mcu.externaltools.gnu-tools-for-stm32.7-2018-q2-update.linux64_1.0.0.201904181610/tools/bin/../lib/gcc/arm-none-eabi/7.3.1/thumb/v6-m/libgcc.a(eqdf2.o)
                0x00000000080010e8                __eqdf2
                0x00000000080010e8                __nedf2
 .text          0x0000000008001160       0xc8 /opt/st/stm32cubeide_1.1.0/plugins/com.st.stm32cube.ide.mcu.externaltools.gnu-tools-for-stm32.7-2018-q2-update.linux64_1.0.0.201904181610/tools/bin/../lib/gcc/arm-none-eabi/7.3.1/thumb/v6-m/libgcc.a(gedf2.o)
                0x0000000008001160                __gtdf2
                0x0000000008001160                __gedf2
 .text          0x0000000008001228       0xd0 /opt/st/stm32cubeide_1.1.0/plugins/com.st.stm32cube.ide.mcu.externaltools.gnu-tools-for-stm32.7-2018-q2-update.linux64_1.0.0.201904181610/tools/bin/../lib/gcc/arm-none-eabi/7.3.1/thumb/v6-m/libgcc.a(ledf2.o)
                0x0000000008001228                __ltdf2
                0x0000000008001228                __ledf2
 .text          0x00000000080012f8      0x4e4 /opt/st/stm32cubeide_1.1.0/plugins/com.st.stm32cube.ide.mcu.externaltools.gnu-tools-for-stm32.7-2018-q2-update.linux64_1.0.0.201904181610/tools/bin/../lib/gcc/arm-none-eabi/7.3.1/thumb/v6-m/libgcc.a(muldf3.o)
                0x00000000080012f8                __aeabi_dmul
 .text          0x00000000080017dc      0x690 /opt/st/stm32cubeide_1.1.0/plugins/com.st.stm32cube.ide.mcu.externaltools.gnu-tools-for-stm32.7-2018-q2-update.linux64_1.0.0.201904181610/tools/bin/../lib/gcc/arm-none-eabi/7.3.1/thumb/v6-m/libgcc.a(subdf3.o)
                0x00000000080017dc                __aeabi_dsub
 .text          0x0000000008001e6c       0x6c /opt/st/stm32cubeide_1.1.0/plugins/com.st.stm32cube.ide.mcu.externaltools.gnu-tools-for-stm32.7-2018-q2-update.linux64_1.0.0.201904181610/tools/bin/../lib/gcc/arm-none-eabi/7.3.1/thumb/v6-m/libgcc.a(fixdfsi.o)
                0x0000000008001e6c                __aeabi_d2iz
 .text          0x0000000008001ed8       0x74 /opt/st/stm32cubeide_1.1.0/plugins/com.st.stm32cube.ide.mcu.externaltools.gnu-tools-for-stm32.7-2018-q2-update.linux64_1.0.0.201904181610/tools/bin/../lib/gcc/arm-none-eabi/7.3.1/thumb/v6-m/libgcc.a(floatsidf.o)
                0x0000000008001ed8                __aeabi_i2d
 .text          0x0000000008001f4c       0x64 /opt/st/stm32cubeide_1.1.0/plugins/com.st.stm32cube.ide.mcu.externaltools.gnu-tools-for-stm32.7-2018-q2-update.linux64_1.0.0.201904181610/tools/bin/../lib/gcc/arm-none-eabi/7.3.1/thumb/v6-m/libgcc.a(floatunsidf.o)
                0x0000000008001f4c                __aeabi_ui2d
 .text          0x0000000008001fb0       0x3c /opt/st/stm32cubeide_1.1.0/plugins/com.st.stm32cube.ide.mcu.externaltools.gnu-tools-for-stm32.7-2018-q2-update.linux64_1.0.0.201904181610/tools/bin/../lib/gcc/arm-none-eabi/7.3.1/thumb/v6-m/libgcc.a(_clzsi2.o)
                0x0000000008001fb0                __clzsi2
 .text          0x0000000008001fec       0x18 /opt/st/stm32cubeide_1.1.0/plugins/com.st.stm32cube.ide.mcu.externaltools.gnu-tools-for-stm32.7-2018-q2-update.linux64_1.0.0.201904181610/tools/bin/../lib/gcc/arm-none-eabi/7.3.1/thumb/v6-m/libgcc.a(_clzdi2.o)
                0x0000000008001fec                __clzdi2
 *(.text*)
 .text.MX_ADC_Init
                0x0000000008002004       0xc8 Core/Src/adc.o
                0x0000000008002004                MX_ADC_Init
 .text.HAL_ADC_MspInit
                0x00000000080020cc       0x7c Core/Src/adc.o
                0x00000000080020cc                HAL_ADC_MspInit
 .text.depth_switch_check_gpio
                0x0000000008002148       0x28 Core/Src/depth_switch_object.o
                0x0000000008002148                depth_switch_check_gpio
 .text.depth_switch_turn_signal_led
                0x0000000008002170       0x84 Core/Src/depth_switch_object.o
                0x0000000008002170                depth_switch_turn_signal_led
 .text.depth_switch_step_current_depth
                0x00000000080021f4       0xe8 Core/Src/depth_switch_object.o
                0x00000000080021f4                depth_switch_step_current_depth
 .text.depth_switch_step_to_test
                0x00000000080022dc       0x24 Core/Src/depth_switch_object.o
                0x00000000080022dc                depth_switch_step_to_test
 .text.depth_switch_get_current_depth
                0x0000000008002300       0x18 Core/Src/depth_switch_object.o
                0x0000000008002300                depth_switch_get_current_depth
 .text.depth_switch_action
                0x0000000008002318       0x70 Core/Src/depth_switch_object.o
                0x0000000008002318                depth_switch_action
 .text.MX_GPIO_Init
                0x0000000008002388       0xe4 Core/Src/gpio.o
                0x0000000008002388                MX_GPIO_Init
 .text.MX_I2C1_Init
                0x000000000800246c       0x80 Core/Src/i2c.o
                0x000000000800246c                MX_I2C1_Init
 .text.HAL_I2C_MspInit
                0x00000000080024ec       0xf0 Core/Src/i2c.o
                0x00000000080024ec                HAL_I2C_MspInit
 .text.main     0x00000000080025dc     0x1838 Core/Src/main.o
                0x00000000080025dc                main
 .text.SystemClock_Config
                0x0000000008003e14       0xec Core/Src/main.o
                0x0000000008003e14                SystemClock_Config
 .text.Error_Handler
                0x0000000008003f00        0xa Core/Src/main.o
                0x0000000008003f00                Error_Handler
 .text.one_second_timer_init
                0x0000000008003f0a       0x12 Core/Src/one_second_timer_object.o
                0x0000000008003f0a                one_second_timer_init
 .text.one_second_timer_start
                0x0000000008003f1c       0x18 Core/Src/one_second_timer_object.o
                0x0000000008003f1c                one_second_timer_start
 .text.one_second_timer_set_flag
                0x0000000008003f34       0x14 Core/Src/one_second_timer_object.o
                0x0000000008003f34                one_second_timer_set_flag
 .text.one_second_timer_reset_flag
                0x0000000008003f48       0x14 Core/Src/one_second_timer_object.o
                0x0000000008003f48                one_second_timer_reset_flag
 .text.one_second_timer_get_flag
                0x0000000008003f5c       0x14 Core/Src/one_second_timer_object.o
                0x0000000008003f5c                one_second_timer_get_flag
 .text.one_second_timer_increment_counter
                0x0000000008003f70       0x18 Core/Src/one_second_timer_object.o
                0x0000000008003f70                one_second_timer_increment_counter
 .text.write_byte
                0x0000000008003f88       0x50 Core/Src/pressure_sensor_object.o
                0x0000000008003f88                write_byte
 .text.pressure_sensor_object_init
                0x0000000008003fd8       0xac Core/Src/pressure_sensor_object.o
                0x0000000008003fd8                pressure_sensor_object_init
 .text.pressure_sensor_measure_pressure_temperature
                0x0000000008004084      0x4c4 Core/Src/pressure_sensor_object.o
                0x0000000008004084                pressure_sensor_measure_pressure_temperature
 .text.pressure_sensor_get_pressure
                0x0000000008004548       0x18 Core/Src/pressure_sensor_object.o
                0x0000000008004548                pressure_sensor_get_pressure
 .text.pressure_sensor_get_temperature
                0x0000000008004560       0x18 Core/Src/pressure_sensor_object.o
                0x0000000008004560                pressure_sensor_get_temperature
 .text.rtc_ds3231_get_date
                0x0000000008004578       0x38 Core/Src/rtc_ds3231_object.o
                0x0000000008004578                rtc_ds3231_get_date
 .text.rtc_ds3231_get_time
                0x00000000080045b0       0x38 Core/Src/rtc_ds3231_object.o
                0x00000000080045b0                rtc_ds3231_get_time
 .text.rtc_ds3231_set_i2c_handle
                0x00000000080045e8       0x1c Core/Src/rtc_ds3231_object.o
                0x00000000080045e8                rtc_ds3231_set_i2c_handle
 .text.rtc_ds3231_action
                0x0000000008004604      0x214 Core/Src/rtc_ds3231_object.o
                0x0000000008004604                rtc_ds3231_action
 .text.MX_SPI1_Init
                0x0000000008004818       0x70 Core/Src/spi.o
                0x0000000008004818                MX_SPI1_Init
 .text.HAL_SPI_MspInit
                0x0000000008004888       0x88 Core/Src/spi.o
                0x0000000008004888                HAL_SPI_MspInit
 .text.ssd1306_set_i2c_port
                0x0000000008004910       0x3c Core/Src/ssd1306.o
                0x0000000008004910                ssd1306_set_i2c_port
 .text.ssd1306_WriteCommand
                0x000000000800494c       0x34 Core/Src/ssd1306.o
 .text.ssd1306_Init
                0x0000000008004980       0xdc Core/Src/ssd1306.o
                0x0000000008004980                ssd1306_Init
 .text.ssd1306_Fill
                0x0000000008004a5c       0x4c Core/Src/ssd1306.o
                0x0000000008004a5c                ssd1306_Fill
 .text.ssd1306_UpdateScreen
                0x0000000008004aa8       0x70 Core/Src/ssd1306.o
                0x0000000008004aa8                ssd1306_UpdateScreen
 .text.ssd1306_DrawPixel
                0x0000000008004b18       0xf0 Core/Src/ssd1306.o
                0x0000000008004b18                ssd1306_DrawPixel
 .text.ssd1306_WriteChar
                0x0000000008004c08      0x120 Core/Src/ssd1306.o
                0x0000000008004c08                ssd1306_WriteChar
 .text.ssd1306_WriteString
                0x0000000008004d28       0x54 Core/Src/ssd1306.o
                0x0000000008004d28                ssd1306_WriteString
 .text.ssd1306_SetCursor
                0x0000000008004d7c       0x34 Core/Src/ssd1306.o
                0x0000000008004d7c                ssd1306_SetCursor
 .text.HAL_MspInit
                0x0000000008004db0       0x28 Core/Src/stm32l0xx_hal_msp.o
                0x0000000008004db0                HAL_MspInit
 .text.NMI_Handler
                0x0000000008004dd8        0xa Core/Src/stm32l0xx_it.o
                0x0000000008004dd8                NMI_Handler
 .text.HardFault_Handler
                0x0000000008004de2        0x6 Core/Src/stm32l0xx_it.o
                0x0000000008004de2                HardFault_Handler
 .text.SVC_Handler
                0x0000000008004de8        0xa Core/Src/stm32l0xx_it.o
                0x0000000008004de8                SVC_Handler
 .text.PendSV_Handler
                0x0000000008004df2        0xa Core/Src/stm32l0xx_it.o
                0x0000000008004df2                PendSV_Handler
 .text.SysTick_Handler
                0x0000000008004dfc       0x12 Core/Src/stm32l0xx_it.o
                0x0000000008004dfc                SysTick_Handler
 *fill*         0x0000000008004e0e        0x2 
 .text.TIM2_IRQHandler
                0x0000000008004e10       0x18 Core/Src/stm32l0xx_it.o
                0x0000000008004e10                TIM2_IRQHandler
 .text.HAL_TIM_PeriodElapsedCallback
                0x0000000008004e28       0x24 Core/Src/stm32l0xx_it.o
                0x0000000008004e28                HAL_TIM_PeriodElapsedCallback
 .text._sbrk    0x0000000008004e4c       0x58 Core/Src/sysmem.o
                0x0000000008004e4c                _sbrk
 .text.SystemInit
                0x0000000008004ea4       0x7c Core/Src/system_stm32l0xx.o
                0x0000000008004ea4                SystemInit
 .text.MX_TIM2_Init
                0x0000000008004f20       0x8c Core/Src/tim.o
                0x0000000008004f20                MX_TIM2_Init
 .text.HAL_TIM_Base_MspInit
                0x0000000008004fac       0x3c Core/Src/tim.o
                0x0000000008004fac                HAL_TIM_Base_MspInit
 .text.MX_USART1_UART_Init
                0x0000000008004fe8       0x60 Core/Src/usart.o
                0x0000000008004fe8                MX_USART1_UART_Init
 .text.HAL_UART_MspInit
                0x0000000008005048       0x88 Core/Src/usart.o
                0x0000000008005048                HAL_UART_MspInit
 .text.voltmeter_measure_voltage
                0x00000000080050d0      0x168 Core/Src/voltmeter_object.o
                0x00000000080050d0                voltmeter_measure_voltage
 .text.voltmeter_get_voltage
                0x0000000008005238       0x18 Core/Src/voltmeter_object.o
                0x0000000008005238                voltmeter_get_voltage
 .text.voltmeter_get_percentage
                0x0000000008005250       0x18 Core/Src/voltmeter_object.o
                0x0000000008005250                voltmeter_get_percentage
 .text.Reset_Handler
                0x0000000008005268       0x50 Core/Startup/startup_stm32l051c8tx.o
                0x0000000008005268                Reset_Handler
 .text.Default_Handler
                0x00000000080052b8        0x2 Core/Startup/startup_stm32l051c8tx.o
                0x00000000080052b8                ADC1_COMP_IRQHandler
                0x00000000080052b8                TIM6_IRQHandler
                0x00000000080052b8                PVD_IRQHandler
                0x00000000080052b8                I2C1_IRQHandler
                0x00000000080052b8                SPI1_IRQHandler
                0x00000000080052b8                EXTI2_3_IRQHandler
                0x00000000080052b8                I2C2_IRQHandler
                0x00000000080052b8                RTC_IRQHandler
                0x00000000080052b8                DMA1_Channel4_5_6_7_IRQHandler
                0x00000000080052b8                EXTI4_15_IRQHandler
                0x00000000080052b8                RCC_IRQHandler
                0x00000000080052b8                DMA1_Channel1_IRQHandler
                0x00000000080052b8                Default_Handler
                0x00000000080052b8                TIM22_IRQHandler
                0x00000000080052b8                EXTI0_1_IRQHandler
                0x00000000080052b8                SPI2_IRQHandler
                0x00000000080052b8                TIM21_IRQHandler
                0x00000000080052b8                WWDG_IRQHandler
                0x00000000080052b8                LPUART1_IRQHandler
                0x00000000080052b8                DMA1_Channel2_3_IRQHandler
                0x00000000080052b8                USART2_IRQHandler
                0x00000000080052b8                FLASH_IRQHandler
                0x00000000080052b8                USART1_IRQHandler
                0x00000000080052b8                LPTIM1_IRQHandler
 *fill*         0x00000000080052ba        0x2 
 .text.HAL_Init
                0x00000000080052bc       0x40 Drivers/STM32L0xx_HAL_Driver/Src/stm32l0xx_hal.o
                0x00000000080052bc                HAL_Init
 .text.HAL_InitTick
                0x00000000080052fc       0x54 Drivers/STM32L0xx_HAL_Driver/Src/stm32l0xx_hal.o
                0x00000000080052fc                HAL_InitTick
 .text.HAL_IncTick
                0x0000000008005350       0x18 Drivers/STM32L0xx_HAL_Driver/Src/stm32l0xx_hal.o
                0x0000000008005350                HAL_IncTick
 .text.HAL_GetTick
                0x0000000008005368       0x14 Drivers/STM32L0xx_HAL_Driver/Src/stm32l0xx_hal.o
                0x0000000008005368                HAL_GetTick
 .text.HAL_Delay
                0x000000000800537c       0x3a Drivers/STM32L0xx_HAL_Driver/Src/stm32l0xx_hal.o
                0x000000000800537c                HAL_Delay
 *fill*         0x00000000080053b6        0x2 
 .text.HAL_ADC_Init
                0x00000000080053b8      0x2e8 Drivers/STM32L0xx_HAL_Driver/Src/stm32l0xx_hal_adc.o
                0x00000000080053b8                HAL_ADC_Init
 .text.HAL_ADC_Start
                0x00000000080056a0       0xa8 Drivers/STM32L0xx_HAL_Driver/Src/stm32l0xx_hal_adc.o
                0x00000000080056a0                HAL_ADC_Start
 .text.HAL_ADC_PollForConversion
                0x0000000008005748      0x12c Drivers/STM32L0xx_HAL_Driver/Src/stm32l0xx_hal_adc.o
                0x0000000008005748                HAL_ADC_PollForConversion
 .text.HAL_ADC_GetValue
                0x0000000008005874       0x16 Drivers/STM32L0xx_HAL_Driver/Src/stm32l0xx_hal_adc.o
                0x0000000008005874                HAL_ADC_GetValue
 *fill*         0x000000000800588a        0x2 
 .text.HAL_ADC_ConfigChannel
                0x000000000800588c      0x10c Drivers/STM32L0xx_HAL_Driver/Src/stm32l0xx_hal_adc.o
                0x000000000800588c                HAL_ADC_ConfigChannel
 .text.ADC_Enable
                0x0000000008005998       0xc0 Drivers/STM32L0xx_HAL_Driver/Src/stm32l0xx_hal_adc.o
 .text.ADC_DelayMicroSecond
                0x0000000008005a58       0x3c Drivers/STM32L0xx_HAL_Driver/Src/stm32l0xx_hal_adc.o
 .text.NVIC_EnableIRQ
                0x0000000008005a94       0x2c Drivers/STM32L0xx_HAL_Driver/Src/stm32l0xx_hal_cortex.o
 .text.NVIC_SetPriority
                0x0000000008005ac0       0xdc Drivers/STM32L0xx_HAL_Driver/Src/stm32l0xx_hal_cortex.o
 .text.SysTick_Config
                0x0000000008005b9c       0x48 Drivers/STM32L0xx_HAL_Driver/Src/stm32l0xx_hal_cortex.o
 .text.HAL_NVIC_SetPriority
                0x0000000008005be4       0x2a Drivers/STM32L0xx_HAL_Driver/Src/stm32l0xx_hal_cortex.o
                0x0000000008005be4                HAL_NVIC_SetPriority
 .text.HAL_NVIC_EnableIRQ
                0x0000000008005c0e       0x20 Drivers/STM32L0xx_HAL_Driver/Src/stm32l0xx_hal_cortex.o
                0x0000000008005c0e                HAL_NVIC_EnableIRQ
 .text.HAL_SYSTICK_Config
                0x0000000008005c2e       0x1a Drivers/STM32L0xx_HAL_Driver/Src/stm32l0xx_hal_cortex.o
                0x0000000008005c2e                HAL_SYSTICK_Config
 .text.HAL_SYSTICK_IRQHandler
                0x0000000008005c48        0xe Drivers/STM32L0xx_HAL_Driver/Src/stm32l0xx_hal_cortex.o
                0x0000000008005c48                HAL_SYSTICK_IRQHandler
 .text.HAL_SYSTICK_Callback
                0x0000000008005c56        0xa Drivers/STM32L0xx_HAL_Driver/Src/stm32l0xx_hal_cortex.o
                0x0000000008005c56                HAL_SYSTICK_Callback
 .text.HAL_GPIO_Init
                0x0000000008005c60      0x2ec Drivers/STM32L0xx_HAL_Driver/Src/stm32l0xx_hal_gpio.o
                0x0000000008005c60                HAL_GPIO_Init
 .text.HAL_GPIO_WritePin
                0x0000000008005f4c       0x3a Drivers/STM32L0xx_HAL_Driver/Src/stm32l0xx_hal_gpio.o
                0x0000000008005f4c                HAL_GPIO_WritePin
 *fill*         0x0000000008005f86        0x2 
 .text.HAL_I2C_Init
                0x0000000008005f88      0x12c Drivers/STM32L0xx_HAL_Driver/Src/stm32l0xx_hal_i2c.o
                0x0000000008005f88                HAL_I2C_Init
 .text.HAL_I2C_Mem_Write
                0x00000000080060b4      0x25c Drivers/STM32L0xx_HAL_Driver/Src/stm32l0xx_hal_i2c.o
                0x00000000080060b4                HAL_I2C_Mem_Write
 .text.HAL_I2C_Mem_Read
                0x0000000008006310      0x268 Drivers/STM32L0xx_HAL_Driver/Src/stm32l0xx_hal_i2c.o
                0x0000000008006310                HAL_I2C_Mem_Read
 .text.I2C_RequestMemoryWrite
                0x0000000008006578       0xc8 Drivers/STM32L0xx_HAL_Driver/Src/stm32l0xx_hal_i2c.o
 .text.I2C_RequestMemoryRead
                0x0000000008006640       0xc4 Drivers/STM32L0xx_HAL_Driver/Src/stm32l0xx_hal_i2c.o
 .text.I2C_Flush_TXDR
                0x0000000008006704       0x44 Drivers/STM32L0xx_HAL_Driver/Src/stm32l0xx_hal_i2c.o
 .text.I2C_WaitOnFlagUntilTimeout
                0x0000000008006748       0x7e Drivers/STM32L0xx_HAL_Driver/Src/stm32l0xx_hal_i2c.o
 .text.I2C_WaitOnTXISFlagUntilTimeout
                0x00000000080067c6       0x7e Drivers/STM32L0xx_HAL_Driver/Src/stm32l0xx_hal_i2c.o
 .text.I2C_WaitOnSTOPFlagUntilTimeout
                0x0000000008006844       0x78 Drivers/STM32L0xx_HAL_Driver/Src/stm32l0xx_hal_i2c.o
 .text.I2C_IsAcknowledgeFailed
                0x00000000080068bc       0xcc Drivers/STM32L0xx_HAL_Driver/Src/stm32l0xx_hal_i2c.o
 .text.I2C_TransferConfig
                0x0000000008006988       0x6c Drivers/STM32L0xx_HAL_Driver/Src/stm32l0xx_hal_i2c.o
 .text.HAL_I2CEx_ConfigAnalogFilter
                0x00000000080069f4       0x98 Drivers/STM32L0xx_HAL_Driver/Src/stm32l0xx_hal_i2c_ex.o
                0x00000000080069f4                HAL_I2CEx_ConfigAnalogFilter
 .text.HAL_I2CEx_ConfigDigitalFilter
                0x0000000008006a8c       0x98 Drivers/STM32L0xx_HAL_Driver/Src/stm32l0xx_hal_i2c_ex.o
                0x0000000008006a8c                HAL_I2CEx_ConfigDigitalFilter
 .text.HAL_RCC_OscConfig
                0x0000000008006b24      0x6d0 Drivers/STM32L0xx_HAL_Driver/Src/stm32l0xx_hal_rcc.o
                0x0000000008006b24                HAL_RCC_OscConfig
 .text.HAL_RCC_ClockConfig
                0x00000000080071f4      0x254 Drivers/STM32L0xx_HAL_Driver/Src/stm32l0xx_hal_rcc.o
                0x00000000080071f4                HAL_RCC_ClockConfig
 .text.HAL_RCC_GetSysClockFreq
                0x0000000008007448      0x108 Drivers/STM32L0xx_HAL_Driver/Src/stm32l0xx_hal_rcc.o
                0x0000000008007448                HAL_RCC_GetSysClockFreq
 .text.HAL_RCC_GetHCLKFreq
                0x0000000008007550       0x14 Drivers/STM32L0xx_HAL_Driver/Src/stm32l0xx_hal_rcc.o
                0x0000000008007550                HAL_RCC_GetHCLKFreq
 .text.HAL_RCC_GetPCLK1Freq
                0x0000000008007564       0x2c Drivers/STM32L0xx_HAL_Driver/Src/stm32l0xx_hal_rcc.o
                0x0000000008007564                HAL_RCC_GetPCLK1Freq
 .text.HAL_RCC_GetPCLK2Freq
                0x0000000008007590       0x2c Drivers/STM32L0xx_HAL_Driver/Src/stm32l0xx_hal_rcc.o
                0x0000000008007590                HAL_RCC_GetPCLK2Freq
 .text.HAL_RCCEx_PeriphCLKConfig
                0x00000000080075bc      0x26c Drivers/STM32L0xx_HAL_Driver/Src/stm32l0xx_hal_rcc_ex.o
                0x00000000080075bc                HAL_RCCEx_PeriphCLKConfig
 .text.HAL_SPI_Init
                0x0000000008007828       0xd4 Drivers/STM32L0xx_HAL_Driver/Src/stm32l0xx_hal_spi.o
                0x0000000008007828                HAL_SPI_Init
 .text.HAL_TIM_Base_Init
                0x00000000080078fc       0x58 Drivers/STM32L0xx_HAL_Driver/Src/stm32l0xx_hal_tim.o
                0x00000000080078fc                HAL_TIM_Base_Init
 .text.HAL_TIM_Base_Start_IT
                0x0000000008007954       0x44 Drivers/STM32L0xx_HAL_Driver/Src/stm32l0xx_hal_tim.o
                0x0000000008007954                HAL_TIM_Base_Start_IT
 .text.HAL_TIM_IRQHandler
                0x0000000008007998      0x1d0 Drivers/STM32L0xx_HAL_Driver/Src/stm32l0xx_hal_tim.o
                0x0000000008007998                HAL_TIM_IRQHandler
 .text.HAL_TIM_ConfigClockSource
                0x0000000008007b68      0x17c Drivers/STM32L0xx_HAL_Driver/Src/stm32l0xx_hal_tim.o
                0x0000000008007b68                HAL_TIM_ConfigClockSource
 .text.HAL_TIM_OC_DelayElapsedCallback
                0x0000000008007ce4       0x10 Drivers/STM32L0xx_HAL_Driver/Src/stm32l0xx_hal_tim.o
                0x0000000008007ce4                HAL_TIM_OC_DelayElapsedCallback
 .text.HAL_TIM_IC_CaptureCallback
                0x0000000008007cf4       0x10 Drivers/STM32L0xx_HAL_Driver/Src/stm32l0xx_hal_tim.o
                0x0000000008007cf4                HAL_TIM_IC_CaptureCallback
 .text.HAL_TIM_PWM_PulseFinishedCallback
                0x0000000008007d04       0x10 Drivers/STM32L0xx_HAL_Driver/Src/stm32l0xx_hal_tim.o
                0x0000000008007d04                HAL_TIM_PWM_PulseFinishedCallback
 .text.HAL_TIM_TriggerCallback
                0x0000000008007d14       0x10 Drivers/STM32L0xx_HAL_Driver/Src/stm32l0xx_hal_tim.o
                0x0000000008007d14                HAL_TIM_TriggerCallback
 .text.TIM_Base_SetConfig
                0x0000000008007d24       0xa8 Drivers/STM32L0xx_HAL_Driver/Src/stm32l0xx_hal_tim.o
 .text.TIM_TI1_ConfigInputStage
                0x0000000008007dcc       0x5c Drivers/STM32L0xx_HAL_Driver/Src/stm32l0xx_hal_tim.o
 .text.TIM_TI2_ConfigInputStage
                0x0000000008007e28       0x64 Drivers/STM32L0xx_HAL_Driver/Src/stm32l0xx_hal_tim.o
 .text.TIM_ITRx_SetConfig
                0x0000000008007e8c       0x32 Drivers/STM32L0xx_HAL_Driver/Src/stm32l0xx_hal_tim.o
 *fill*         0x0000000008007ebe        0x2 
 .text.TIM_ETR_SetConfig
                0x0000000008007ec0       0x40 Drivers/STM32L0xx_HAL_Driver/Src/stm32l0xx_hal_tim.o
 .text.HAL_TIMEx_MasterConfigSynchronization
                0x0000000008007f00       0x86 Drivers/STM32L0xx_HAL_Driver/Src/stm32l0xx_hal_tim_ex.o
                0x0000000008007f00                HAL_TIMEx_MasterConfigSynchronization
 *fill*         0x0000000008007f86        0x2 
 .text.HAL_UART_Init
                0x0000000008007f88       0xa8 Drivers/STM32L0xx_HAL_Driver/Src/stm32l0xx_hal_uart.o
                0x0000000008007f88                HAL_UART_Init
 .text.HAL_UART_Transmit
                0x0000000008008030      0x14e Drivers/STM32L0xx_HAL_Driver/Src/stm32l0xx_hal_uart.o
                0x0000000008008030                HAL_UART_Transmit
 *fill*         0x000000000800817e        0x2 
 .text.UART_SetConfig
                0x0000000008008180      0x630 Drivers/STM32L0xx_HAL_Driver/Src/stm32l0xx_hal_uart.o
                0x0000000008008180                UART_SetConfig
 .text.UART_AdvFeatureConfig
                0x00000000080087b0      0x168 Drivers/STM32L0xx_HAL_Driver/Src/stm32l0xx_hal_uart.o
                0x00000000080087b0                UART_AdvFeatureConfig
 .text.UART_CheckIdleState
                0x0000000008008918       0x8c Drivers/STM32L0xx_HAL_Driver/Src/stm32l0xx_hal_uart.o
                0x0000000008008918                UART_CheckIdleState
 .text.UART_WaitOnFlagUntilTimeout
                0x00000000080089a4       0x94 Drivers/STM32L0xx_HAL_Driver/Src/stm32l0xx_hal_uart.o
                0x00000000080089a4                UART_WaitOnFlagUntilTimeout
 .text.__errno  0x0000000008008a38        0xc /opt/st/stm32cubeide_1.1.0/plugins/com.st.stm32cube.ide.mcu.externaltools.gnu-tools-for-stm32.7-2018-q2-update.linux64_1.0.0.201904181610/tools/bin/../lib/gcc/arm-none-eabi/7.3.1/../../../../arm-none-eabi/lib/thumb/v6-m/libc_nano.a(lib_a-errno.o)
                0x0000000008008a38                __errno
 .text.__libc_init_array
                0x0000000008008a44       0x48 /opt/st/stm32cubeide_1.1.0/plugins/com.st.stm32cube.ide.mcu.externaltools.gnu-tools-for-stm32.7-2018-q2-update.linux64_1.0.0.201904181610/tools/bin/../lib/gcc/arm-none-eabi/7.3.1/../../../../arm-none-eabi/lib/thumb/v6-m/libc_nano.a(lib_a-init.o)
                0x0000000008008a44                __libc_init_array
 .text.memset   0x0000000008008a8c       0x10 /opt/st/stm32cubeide_1.1.0/plugins/com.st.stm32cube.ide.mcu.externaltools.gnu-tools-for-stm32.7-2018-q2-update.linux64_1.0.0.201904181610/tools/bin/../lib/gcc/arm-none-eabi/7.3.1/../../../../arm-none-eabi/lib/thumb/v6-m/libc_nano.a(lib_a-memset.o)
                0x0000000008008a8c                memset
 .text.sprintf  0x0000000008008a9c       0x40 /opt/st/stm32cubeide_1.1.0/plugins/com.st.stm32cube.ide.mcu.externaltools.gnu-tools-for-stm32.7-2018-q2-update.linux64_1.0.0.201904181610/tools/bin/../lib/gcc/arm-none-eabi/7.3.1/../../../../arm-none-eabi/lib/thumb/v6-m/libc_nano.a(lib_a-sprintf.o)
                0x0000000008008a9c                sprintf
                0x0000000008008a9c                siprintf
 .text.__ssputs_r
                0x0000000008008adc       0xc4 /opt/st/stm32cubeide_1.1.0/plugins/com.st.stm32cube.ide.mcu.externaltools.gnu-tools-for-stm32.7-2018-q2-update.linux64_1.0.0.201904181610/tools/bin/../lib/gcc/arm-none-eabi/7.3.1/../../../../arm-none-eabi/lib/thumb/v6-m/libc_nano.a(lib_a-nano-svfprintf.o)
                0x0000000008008adc                __ssputs_r
 .text._svfprintf_r
                0x0000000008008ba0      0x1fc /opt/st/stm32cubeide_1.1.0/plugins/com.st.stm32cube.ide.mcu.externaltools.gnu-tools-for-stm32.7-2018-q2-update.linux64_1.0.0.201904181610/tools/bin/../lib/gcc/arm-none-eabi/7.3.1/../../../../arm-none-eabi/lib/thumb/v6-m/libc_nano.a(lib_a-nano-svfprintf.o)
                0x0000000008008ba0                _svfprintf_r
                0x0000000008008ba0                _svfiprintf_r
 .text._printf_common
                0x0000000008008d9c       0xda /opt/st/stm32cubeide_1.1.0/plugins/com.st.stm32cube.ide.mcu.externaltools.gnu-tools-for-stm32.7-2018-q2-update.linux64_1.0.0.201904181610/tools/bin/../lib/gcc/arm-none-eabi/7.3.1/../../../../arm-none-eabi/lib/thumb/v6-m/libc_nano.a(lib_a-nano-vfprintf_i.o)
                0x0000000008008d9c                _printf_common
 *fill*         0x0000000008008e76        0x2 
 .text._printf_i
                0x0000000008008e78      0x210 /opt/st/stm32cubeide_1.1.0/plugins/com.st.stm32cube.ide.mcu.externaltools.gnu-tools-for-stm32.7-2018-q2-update.linux64_1.0.0.201904181610/tools/bin/../lib/gcc/arm-none-eabi/7.3.1/../../../../arm-none-eabi/lib/thumb/v6-m/libc_nano.a(lib_a-nano-vfprintf_i.o)
                0x0000000008008e78                _printf_i
 .text.memchr   0x0000000008009088       0x16 /opt/st/stm32cubeide_1.1.0/plugins/com.st.stm32cube.ide.mcu.externaltools.gnu-tools-for-stm32.7-2018-q2-update.linux64_1.0.0.201904181610/tools/bin/../lib/gcc/arm-none-eabi/7.3.1/../../../../arm-none-eabi/lib/thumb/v6-m/libc_nano.a(lib_a-memchr-stub.o)
                0x0000000008009088                memchr
 .text.memcpy   0x000000000800909e       0x12 /opt/st/stm32cubeide_1.1.0/plugins/com.st.stm32cube.ide.mcu.externaltools.gnu-tools-for-stm32.7-2018-q2-update.linux64_1.0.0.201904181610/tools/bin/../lib/gcc/arm-none-eabi/7.3.1/../../../../arm-none-eabi/lib/thumb/v6-m/libc_nano.a(lib_a-memcpy-stub.o)
                0x000000000800909e                memcpy
 .text.memmove  0x00000000080090b0       0x26 /opt/st/stm32cubeide_1.1.0/plugins/com.st.stm32cube.ide.mcu.externaltools.gnu-tools-for-stm32.7-2018-q2-update.linux64_1.0.0.201904181610/tools/bin/../lib/gcc/arm-none-eabi/7.3.1/../../../../arm-none-eabi/lib/thumb/v6-m/libc_nano.a(lib_a-memmove.o)
                0x00000000080090b0                memmove
 *fill*         0x00000000080090d6        0x2 
 .text._free_r  0x00000000080090d8       0x94 /opt/st/stm32cubeide_1.1.0/plugins/com.st.stm32cube.ide.mcu.externaltools.gnu-tools-for-stm32.7-2018-q2-update.linux64_1.0.0.201904181610/tools/bin/../lib/gcc/arm-none-eabi/7.3.1/../../../../arm-none-eabi/lib/thumb/v6-m/libc_nano.a(lib_a-nano-freer.o)
                0x00000000080090d8                _free_r
 .text._malloc_r
                0x000000000800916c       0xbc /opt/st/stm32cubeide_1.1.0/plugins/com.st.stm32cube.ide.mcu.externaltools.gnu-tools-for-stm32.7-2018-q2-update.linux64_1.0.0.201904181610/tools/bin/../lib/gcc/arm-none-eabi/7.3.1/../../../../arm-none-eabi/lib/thumb/v6-m/libc_nano.a(lib_a-nano-mallocr.o)
                0x000000000800916c                _malloc_r
 .text._realloc_r
                0x0000000008009228       0x4c /opt/st/stm32cubeide_1.1.0/plugins/com.st.stm32cube.ide.mcu.externaltools.gnu-tools-for-stm32.7-2018-q2-update.linux64_1.0.0.201904181610/tools/bin/../lib/gcc/arm-none-eabi/7.3.1/../../../../arm-none-eabi/lib/thumb/v6-m/libc_nano.a(lib_a-nano-reallocr.o)
                0x0000000008009228                _realloc_r
 .text._sbrk_r  0x0000000008009274       0x24 /opt/st/stm32cubeide_1.1.0/plugins/com.st.stm32cube.ide.mcu.externaltools.gnu-tools-for-stm32.7-2018-q2-update.linux64_1.0.0.201904181610/tools/bin/../lib/gcc/arm-none-eabi/7.3.1/../../../../arm-none-eabi/lib/thumb/v6-m/libc_nano.a(lib_a-sbrkr.o)
                0x0000000008009274                _sbrk_r
 .text.__malloc_lock
                0x0000000008009298        0x2 /opt/st/stm32cubeide_1.1.0/plugins/com.st.stm32cube.ide.mcu.externaltools.gnu-tools-for-stm32.7-2018-q2-update.linux64_1.0.0.201904181610/tools/bin/../lib/gcc/arm-none-eabi/7.3.1/../../../../arm-none-eabi/lib/thumb/v6-m/libc_nano.a(lib_a-mlock.o)
                0x0000000008009298                __malloc_lock
 .text.__malloc_unlock
                0x000000000800929a        0x2 /opt/st/stm32cubeide_1.1.0/plugins/com.st.stm32cube.ide.mcu.externaltools.gnu-tools-for-stm32.7-2018-q2-update.linux64_1.0.0.201904181610/tools/bin/../lib/gcc/arm-none-eabi/7.3.1/../../../../arm-none-eabi/lib/thumb/v6-m/libc_nano.a(lib_a-mlock.o)
                0x000000000800929a                __malloc_unlock
 .text._malloc_usable_size_r
                0x000000000800929c       0x10 /opt/st/stm32cubeide_1.1.0/plugins/com.st.stm32cube.ide.mcu.externaltools.gnu-tools-for-stm32.7-2018-q2-update.linux64_1.0.0.201904181610/tools/bin/../lib/gcc/arm-none-eabi/7.3.1/../../../../arm-none-eabi/lib/thumb/v6-m/libc_nano.a(lib_a-nano-msizer.o)
                0x000000000800929c                _malloc_usable_size_r
 *(.glue_7)
 .glue_7        0x00000000080092ac        0x0 linker stubs
 *(.glue_7t)
 .glue_7t       0x00000000080092ac        0x0 linker stubs
 *(.eh_frame)
 .eh_frame      0x00000000080092ac        0x0 /opt/st/stm32cubeide_1.1.0/plugins/com.st.stm32cube.ide.mcu.externaltools.gnu-tools-for-stm32.7-2018-q2-update.linux64_1.0.0.201904181610/tools/bin/../lib/gcc/arm-none-eabi/7.3.1/thumb/v6-m/crtbegin.o
 *(.init)
 .init          0x00000000080092ac        0x4 /opt/st/stm32cubeide_1.1.0/plugins/com.st.stm32cube.ide.mcu.externaltools.gnu-tools-for-stm32.7-2018-q2-update.linux64_1.0.0.201904181610/tools/bin/../lib/gcc/arm-none-eabi/7.3.1/thumb/v6-m/crti.o
                0x00000000080092ac                _init
 .init          0x00000000080092b0        0x8 /opt/st/stm32cubeide_1.1.0/plugins/com.st.stm32cube.ide.mcu.externaltools.gnu-tools-for-stm32.7-2018-q2-update.linux64_1.0.0.201904181610/tools/bin/../lib/gcc/arm-none-eabi/7.3.1/thumb/v6-m/crtn.o
 *(.fini)
 .fini          0x00000000080092b8        0x4 /opt/st/stm32cubeide_1.1.0/plugins/com.st.stm32cube.ide.mcu.externaltools.gnu-tools-for-stm32.7-2018-q2-update.linux64_1.0.0.201904181610/tools/bin/../lib/gcc/arm-none-eabi/7.3.1/thumb/v6-m/crti.o
                0x00000000080092b8                _fini
 .fini          0x00000000080092bc        0x8 /opt/st/stm32cubeide_1.1.0/plugins/com.st.stm32cube.ide.mcu.externaltools.gnu-tools-for-stm32.7-2018-q2-update.linux64_1.0.0.201904181610/tools/bin/../lib/gcc/arm-none-eabi/7.3.1/thumb/v6-m/crtn.o
                0x00000000080092c4                . = ALIGN (0x4)
                0x00000000080092c4                _etext = .

.vfp11_veneer   0x00000000080092c4        0x0
 .vfp11_veneer  0x00000000080092c4        0x0 linker stubs

.v4_bx          0x00000000080092c4        0x0
 .v4_bx         0x00000000080092c4        0x0 linker stubs

.iplt           0x00000000080092c4        0x0
 .iplt          0x00000000080092c4        0x0 /opt/st/stm32cubeide_1.1.0/plugins/com.st.stm32cube.ide.mcu.externaltools.gnu-tools-for-stm32.7-2018-q2-update.linux64_1.0.0.201904181610/tools/bin/../lib/gcc/arm-none-eabi/7.3.1/thumb/v6-m/crtbegin.o

.rodata         0x00000000080092c4      0xf98
                0x00000000080092c4                . = ALIGN (0x4)
 *(.rodata)
 .rodata        0x00000000080092c4      0x11c Core/Src/main.o
 .rodata        0x00000000080093e0       0x40 /opt/st/stm32cubeide_1.1.0/plugins/com.st.stm32cube.ide.mcu.externaltools.gnu-tools-for-stm32.7-2018-q2-update.linux64_1.0.0.201904181610/tools/bin/../lib/gcc/arm-none-eabi/7.3.1/thumb/v6-m/libgcc.a(divdf3.o)
 .rodata        0x0000000008009420       0x40 /opt/st/stm32cubeide_1.1.0/plugins/com.st.stm32cube.ide.mcu.externaltools.gnu-tools-for-stm32.7-2018-q2-update.linux64_1.0.0.201904181610/tools/bin/../lib/gcc/arm-none-eabi/7.3.1/thumb/v6-m/libgcc.a(muldf3.o)
 *(.rodata*)
 .rodata.Font11x18
                0x0000000008009460      0xd5c Core/Src/fonts.o
 .rodata.AHBPrescTable
                0x000000000800a1bc       0x10 Core/Src/system_stm32l0xx.o
                0x000000000800a1bc                AHBPrescTable
 .rodata.APBPrescTable
                0x000000000800a1cc        0x8 Core/Src/system_stm32l0xx.o
                0x000000000800a1cc                APBPrescTable
 .rodata.PLLMulTable
                0x000000000800a1d4        0x9 Core/Src/system_stm32l0xx.o
                0x000000000800a1d4                PLLMulTable
 *fill*         0x000000000800a1dd        0x3 
 .rodata.UART_SetConfig
                0x000000000800a1e0       0x48 Drivers/STM32L0xx_HAL_Driver/Src/stm32l0xx_hal_uart.o
 .rodata._svfprintf_r.str1.1
                0x000000000800a228       0x11 /opt/st/stm32cubeide_1.1.0/plugins/com.st.stm32cube.ide.mcu.externaltools.gnu-tools-for-stm32.7-2018-q2-update.linux64_1.0.0.201904181610/tools/bin/../lib/gcc/arm-none-eabi/7.3.1/../../../../arm-none-eabi/lib/thumb/v6-m/libc_nano.a(lib_a-nano-svfprintf.o)
 .rodata._printf_i.str1.1
                0x000000000800a239       0x22 /opt/st/stm32cubeide_1.1.0/plugins/com.st.stm32cube.ide.mcu.externaltools.gnu-tools-for-stm32.7-2018-q2-update.linux64_1.0.0.201904181610/tools/bin/../lib/gcc/arm-none-eabi/7.3.1/../../../../arm-none-eabi/lib/thumb/v6-m/libc_nano.a(lib_a-nano-vfprintf_i.o)
                0x000000000800a25c                . = ALIGN (0x4)
 *fill*         0x000000000800a25b        0x1 

.ARM.extab      0x000000000800a25c        0x0
                0x000000000800a25c                . = ALIGN (0x4)
 *(.ARM.extab* .gnu.linkonce.armextab.*)
                0x000000000800a25c                . = ALIGN (0x4)

.ARM            0x000000000800a25c        0x8
                0x000000000800a25c                . = ALIGN (0x4)
                0x000000000800a25c                __exidx_start = .
 *(.ARM.exidx*)
 .ARM.exidx     0x000000000800a25c        0x8 /opt/st/stm32cubeide_1.1.0/plugins/com.st.stm32cube.ide.mcu.externaltools.gnu-tools-for-stm32.7-2018-q2-update.linux64_1.0.0.201904181610/tools/bin/../lib/gcc/arm-none-eabi/7.3.1/thumb/v6-m/libgcc.a(_udivmoddi4.o)
                0x000000000800a264                __exidx_end = .
                0x000000000800a264                . = ALIGN (0x4)

.rel.dyn        0x000000000800a264        0x0
 .rel.iplt      0x000000000800a264        0x0 /opt/st/stm32cubeide_1.1.0/plugins/com.st.stm32cube.ide.mcu.externaltools.gnu-tools-for-stm32.7-2018-q2-update.linux64_1.0.0.201904181610/tools/bin/../lib/gcc/arm-none-eabi/7.3.1/thumb/v6-m/crtbegin.o

.preinit_array  0x000000000800a264        0x0
                0x000000000800a264                . = ALIGN (0x4)
                0x000000000800a264                PROVIDE (__preinit_array_start = .)
 *(.preinit_array*)
                0x000000000800a264                PROVIDE (__preinit_array_end = .)
                0x000000000800a264                . = ALIGN (0x4)

.init_array     0x000000000800a264        0x4
                0x000000000800a264                . = ALIGN (0x4)
                0x000000000800a264                PROVIDE (__init_array_start = .)
 *(SORT_BY_NAME(.init_array.*))
 *(.init_array*)
 .init_array    0x000000000800a264        0x4 /opt/st/stm32cubeide_1.1.0/plugins/com.st.stm32cube.ide.mcu.externaltools.gnu-tools-for-stm32.7-2018-q2-update.linux64_1.0.0.201904181610/tools/bin/../lib/gcc/arm-none-eabi/7.3.1/thumb/v6-m/crtbegin.o
                0x000000000800a268                PROVIDE (__init_array_end = .)
                0x000000000800a268                . = ALIGN (0x4)

.fini_array     0x000000000800a268        0x4
                0x000000000800a268                . = ALIGN (0x4)
                [!provide]                        PROVIDE (__fini_array_start = .)
 *(SORT_BY_NAME(.fini_array.*))
 *(.fini_array*)
 .fini_array    0x000000000800a268        0x4 /opt/st/stm32cubeide_1.1.0/plugins/com.st.stm32cube.ide.mcu.externaltools.gnu-tools-for-stm32.7-2018-q2-update.linux64_1.0.0.201904181610/tools/bin/../lib/gcc/arm-none-eabi/7.3.1/thumb/v6-m/crtbegin.o
                [!provide]                        PROVIDE (__fini_array_end = .)
                0x000000000800a26c                . = ALIGN (0x4)
                0x000000000800a26c                _sidata = LOADADDR (.data)

.data           0x0000000020000000       0x94 load address 0x000000000800a26c
                0x0000000020000000                . = ALIGN (0x4)
                0x0000000020000000                _sdata = .
 *(.data)
 *(.data*)
 .data.current_depth
                0x0000000020000000        0x8 Core/Src/depth_switch_object.o
 .data.order0   0x0000000020000008        0x8 Core/Src/depth_switch_object.o
 .data.Font_11x18
                0x0000000020000010        0x8 Core/Src/fonts.o
                0x0000000020000010                Font_11x18
 .data.at24c32_i2c_handle.7174
                0x0000000020000018        0x4 Core/Src/main.o
 .data.at24c32_i2c_handle.7204
                0x000000002000001c        0x4 Core/Src/main.o
 .data.ds3231_shifted_address
                0x0000000020000020        0x2 Core/Src/rtc_ds3231_object.o
 *fill*         0x0000000020000022        0x2 
 .data.SystemCoreClock
                0x0000000020000024        0x4 Core/Src/system_stm32l0xx.o
                0x0000000020000024                SystemCoreClock
 .data.voltage_coefficient
                0x0000000020000028        0x8 Core/Src/voltmeter_object.o
 .data._impure_ptr
                0x0000000020000030        0x4 /opt/st/stm32cubeide_1.1.0/plugins/com.st.stm32cube.ide.mcu.externaltools.gnu-tools-for-stm32.7-2018-q2-update.linux64_1.0.0.201904181610/tools/bin/../lib/gcc/arm-none-eabi/7.3.1/../../../../arm-none-eabi/lib/thumb/v6-m/libc_nano.a(lib_a-impure.o)
                0x0000000020000030                _impure_ptr
 .data.impure_data
                0x0000000020000034       0x60 /opt/st/stm32cubeide_1.1.0/plugins/com.st.stm32cube.ide.mcu.externaltools.gnu-tools-for-stm32.7-2018-q2-update.linux64_1.0.0.201904181610/tools/bin/../lib/gcc/arm-none-eabi/7.3.1/../../../../arm-none-eabi/lib/thumb/v6-m/libc_nano.a(lib_a-impure.o)
                0x0000000020000094                . = ALIGN (0x4)
                0x0000000020000094                _edata = .

.igot.plt       0x0000000020000094        0x0 load address 0x000000000800a300
 .igot.plt      0x0000000020000094        0x0 /opt/st/stm32cubeide_1.1.0/plugins/com.st.stm32cube.ide.mcu.externaltools.gnu-tools-for-stm32.7-2018-q2-update.linux64_1.0.0.201904181610/tools/bin/../lib/gcc/arm-none-eabi/7.3.1/thumb/v6-m/crtbegin.o
                0x0000000020000094                . = ALIGN (0x4)

.bss            0x0000000020000098      0x78c load address 0x000000000800a300
                0x0000000020000098                _sbss = .
                0x0000000020000098                __bss_start__ = _sbss
 *(.bss)
 .bss           0x0000000020000098       0x1c /opt/st/stm32cubeide_1.1.0/plugins/com.st.stm32cube.ide.mcu.externaltools.gnu-tools-for-stm32.7-2018-q2-update.linux64_1.0.0.201904181610/tools/bin/../lib/gcc/arm-none-eabi/7.3.1/thumb/v6-m/crtbegin.o
 *(.bss*)
 *fill*         0x00000000200000b4        0x4 
 .bss.order1    0x00000000200000b8        0x8 Core/Src/depth_switch_object.o
 .bss.depth_switch_key_press_period_counter
                0x00000000200000c0        0x4 Core/Src/depth_switch_object.o
 .bss.message   0x00000000200000c4       0x40 Core/Src/main.o
 .bss.timestamp
                0x0000000020000104       0x40 Core/Src/main.o
 .bss.temperature_message
                0x0000000020000144       0x40 Core/Src/main.o
 .bss.one_second_timer_flag
                0x0000000020000184        0x4 Core/Src/one_second_timer_object.o
 .bss.seconds_counter
                0x0000000020000188        0x4 Core/Src/one_second_timer_object.o
 .bss.pressure  0x000000002000018c        0x4 Core/Src/pressure_sensor_object.o
 .bss.temperature
                0x0000000020000190        0x4 Core/Src/pressure_sensor_object.o
 *fill*         0x0000000020000194        0x4 
 .bss.dT        0x0000000020000198        0x8 Core/Src/pressure_sensor_object.o
 .bss.actual_temperature
                0x00000000200001a0        0x8 Core/Src/pressure_sensor_object.o
 .bss.OFF       0x00000000200001a8        0x8 Core/Src/pressure_sensor_object.o
 .bss.SENS      0x00000000200001b0        0x8 Core/Src/pressure_sensor_object.o
 .bss.P         0x00000000200001b8        0x8 Core/Src/pressure_sensor_object.o
 .bss.sensor_prom
                0x00000000200001c0        0xe Core/Src/pressure_sensor_object.o
 *fill*         0x00000000200001ce        0x2 
 .bss.ds3231_buffer
                0x00000000200001d0        0x7 Core/Src/rtc_ds3231_object.o
 *fill*         0x00000000200001d7        0x1 
 .bss.ds3231_i2c_handle
                0x00000000200001d8        0x4 Core/Src/rtc_ds3231_object.o
 .bss.year      0x00000000200001dc        0x1 Core/Src/rtc_ds3231_object.o
 .bss.month     0x00000000200001dd        0x1 Core/Src/rtc_ds3231_object.o
 .bss.date      0x00000000200001de        0x1 Core/Src/rtc_ds3231_object.o
 .bss.hours     0x00000000200001df        0x1 Core/Src/rtc_ds3231_object.o
 .bss.minutes   0x00000000200001e0        0x1 Core/Src/rtc_ds3231_object.o
 .bss.seconds   0x00000000200001e1        0x1 Core/Src/rtc_ds3231_object.o
 *fill*         0x00000000200001e2        0x2 
 .bss.SSD1306_Buffer
                0x00000000200001e4        0x4 Core/Src/ssd1306.o
 .bss.SSD1306_Buffer1
                0x00000000200001e8      0x400 Core/Src/ssd1306.o
 .bss.SSD1306_Buffer2
                0x00000000200005e8        0x1 Core/Src/ssd1306.o
 *fill*         0x00000000200005e9        0x3 
 .bss.SSD1306   0x00000000200005ec        0x6 Core/Src/ssd1306.o
 *fill*         0x00000000200005f2        0x2 
 .bss.heap_end.5149
                0x00000000200005f4        0x4 Core/Src/sysmem.o
 .bss.accu_voltage
                0x00000000200005f8        0x8 Core/Src/voltmeter_object.o
 .bss.accu_percentage
                0x0000000020000600        0x8 Core/Src/voltmeter_object.o
 .bss.__malloc_free_list
                0x0000000020000608        0x4 /opt/st/stm32cubeide_1.1.0/plugins/com.st.stm32cube.ide.mcu.externaltools.gnu-tools-for-stm32.7-2018-q2-update.linux64_1.0.0.201904181610/tools/bin/../lib/gcc/arm-none-eabi/7.3.1/../../../../arm-none-eabi/lib/thumb/v6-m/libc_nano.a(lib_a-nano-mallocr.o)
                0x0000000020000608                __malloc_free_list
 .bss.__malloc_sbrk_start
                0x000000002000060c        0x4 /opt/st/stm32cubeide_1.1.0/plugins/com.st.stm32cube.ide.mcu.externaltools.gnu-tools-for-stm32.7-2018-q2-update.linux64_1.0.0.201904181610/tools/bin/../lib/gcc/arm-none-eabi/7.3.1/../../../../arm-none-eabi/lib/thumb/v6-m/libc_nano.a(lib_a-nano-mallocr.o)
                0x000000002000060c                __malloc_sbrk_start
 *(COMMON)
 COMMON         0x0000000020000610       0x5c Core/Src/adc.o
                0x0000000020000610                hadc
 COMMON         0x000000002000066c       0x98 Core/Src/i2c.o
                0x000000002000066c                hi2c1
                0x00000000200006b8                hi2c2
 COMMON         0x0000000020000704        0x4 Core/Src/main.o
                0x0000000020000704                SSD1306_I2C_PORT
 COMMON         0x0000000020000708       0x58 Core/Src/spi.o
                0x0000000020000708                hspi1
 COMMON         0x0000000020000760       0x3c Core/Src/tim.o
                0x0000000020000760                htim2
 COMMON         0x000000002000079c       0x80 Core/Src/usart.o
                0x000000002000079c                huart1
 COMMON         0x000000002000081c        0x4 Drivers/STM32L0xx_HAL_Driver/Src/stm32l0xx_hal.o
                0x000000002000081c                uwTick
 COMMON         0x0000000020000820        0x4 /opt/st/stm32cubeide_1.1.0/plugins/com.st.stm32cube.ide.mcu.externaltools.gnu-tools-for-stm32.7-2018-q2-update.linux64_1.0.0.201904181610/tools/bin/../lib/gcc/arm-none-eabi/7.3.1/../../../../arm-none-eabi/lib/thumb/v6-m/libc_nano.a(lib_a-reent.o)
                0x0000000020000820                errno
                0x0000000020000824                . = ALIGN (0x4)
                0x0000000020000824                _ebss = .
                0x0000000020000824                __bss_end__ = _ebss

._user_heap_stack
                0x0000000020000824      0x604 load address 0x000000000800a300
                0x0000000020000828                . = ALIGN (0x8)
 *fill*         0x0000000020000824        0x4 
                0x0000000020000828                PROVIDE (end = .)
                [!provide]                        PROVIDE (_end = .)
                0x0000000020000a28                . = (. + _Min_Heap_Size)
 *fill*         0x0000000020000828      0x200 
                0x0000000020000e28                . = (. + _Min_Stack_Size)
 *fill*         0x0000000020000a28      0x400 
                0x0000000020000e28                . = ALIGN (0x8)

/DISCARD/
 libc.a(*)
 libm.a(*)
 libgcc.a(*)

.ARM.attributes
                0x0000000000000000       0x28
 *(.ARM.attributes)
 .ARM.attributes
                0x0000000000000000       0x1e /opt/st/stm32cubeide_1.1.0/plugins/com.st.stm32cube.ide.mcu.externaltools.gnu-tools-for-stm32.7-2018-q2-update.linux64_1.0.0.201904181610/tools/bin/../lib/gcc/arm-none-eabi/7.3.1/thumb/v6-m/crti.o
 .ARM.attributes
                0x000000000000001e       0x2c /opt/st/stm32cubeide_1.1.0/plugins/com.st.stm32cube.ide.mcu.externaltools.gnu-tools-for-stm32.7-2018-q2-update.linux64_1.0.0.201904181610/tools/bin/../lib/gcc/arm-none-eabi/7.3.1/thumb/v6-m/crtbegin.o
 .ARM.attributes
                0x000000000000004a       0x32 Core/Src/adc.o
 .ARM.attributes
                0x000000000000007c       0x32 Core/Src/depth_switch_object.o
 .ARM.attributes
                0x00000000000000ae       0x32 Core/Src/fonts.o
 .ARM.attributes
                0x00000000000000e0       0x32 Core/Src/gpio.o
 .ARM.attributes
                0x0000000000000112       0x32 Core/Src/i2c.o
 .ARM.attributes
                0x0000000000000144       0x32 Core/Src/main.o
 .ARM.attributes
                0x0000000000000176       0x32 Core/Src/one_second_timer_object.o
 .ARM.attributes
                0x00000000000001a8       0x32 Core/Src/pressure_sensor_object.o
 .ARM.attributes
                0x00000000000001da       0x32 Core/Src/rtc_ds3231_object.o
 .ARM.attributes
                0x000000000000020c       0x32 Core/Src/spi.o
 .ARM.attributes
                0x000000000000023e       0x32 Core/Src/ssd1306.o
 .ARM.attributes
                0x0000000000000270       0x32 Core/Src/stm32l0xx_hal_msp.o
 .ARM.attributes
                0x00000000000002a2       0x32 Core/Src/stm32l0xx_it.o
 .ARM.attributes
                0x00000000000002d4       0x32 Core/Src/sysmem.o
 .ARM.attributes
                0x0000000000000306       0x32 Core/Src/system_stm32l0xx.o
 .ARM.attributes
                0x0000000000000338       0x32 Core/Src/tim.o
 .ARM.attributes
                0x000000000000036a       0x32 Core/Src/usart.o
 .ARM.attributes
                0x000000000000039c       0x32 Core/Src/voltmeter_object.o
 .ARM.attributes
                0x00000000000003ce       0x22 Core/Startup/startup_stm32l051c8tx.o
 .ARM.attributes
                0x00000000000003f0       0x32 Drivers/STM32L0xx_HAL_Driver/Src/stm32l0xx_hal.o
 .ARM.attributes
                0x0000000000000422       0x32 Drivers/STM32L0xx_HAL_Driver/Src/stm32l0xx_hal_adc.o
 .ARM.attributes
                0x0000000000000454       0x32 Drivers/STM32L0xx_HAL_Driver/Src/stm32l0xx_hal_cortex.o
 .ARM.attributes
                0x0000000000000486       0x32 Drivers/STM32L0xx_HAL_Driver/Src/stm32l0xx_hal_gpio.o
 .ARM.attributes
                0x00000000000004b8       0x32 Drivers/STM32L0xx_HAL_Driver/Src/stm32l0xx_hal_i2c.o
 .ARM.attributes
                0x00000000000004ea       0x32 Drivers/STM32L0xx_HAL_Driver/Src/stm32l0xx_hal_i2c_ex.o
 .ARM.attributes
                0x000000000000051c       0x32 Drivers/STM32L0xx_HAL_Driver/Src/stm32l0xx_hal_rcc.o
 .ARM.attributes
                0x000000000000054e       0x32 Drivers/STM32L0xx_HAL_Driver/Src/stm32l0xx_hal_rcc_ex.o
 .ARM.attributes
                0x0000000000000580       0x32 Drivers/STM32L0xx_HAL_Driver/Src/stm32l0xx_hal_spi.o
 .ARM.attributes
                0x00000000000005b2       0x32 Drivers/STM32L0xx_HAL_Driver/Src/stm32l0xx_hal_tim.o
 .ARM.attributes
                0x00000000000005e4       0x32 Drivers/STM32L0xx_HAL_Driver/Src/stm32l0xx_hal_tim_ex.o
 .ARM.attributes
                0x0000000000000616       0x32 Drivers/STM32L0xx_HAL_Driver/Src/stm32l0xx_hal_uart.o
 .ARM.attributes
                0x0000000000000648       0x2c /opt/st/stm32cubeide_1.1.0/plugins/com.st.stm32cube.ide.mcu.externaltools.gnu-tools-for-stm32.7-2018-q2-update.linux64_1.0.0.201904181610/tools/bin/../lib/gcc/arm-none-eabi/7.3.1/../../../../arm-none-eabi/lib/thumb/v6-m/libc_nano.a(lib_a-errno.o)
 .ARM.attributes
                0x0000000000000674       0x2c /opt/st/stm32cubeide_1.1.0/plugins/com.st.stm32cube.ide.mcu.externaltools.gnu-tools-for-stm32.7-2018-q2-update.linux64_1.0.0.201904181610/tools/bin/../lib/gcc/arm-none-eabi/7.3.1/../../../../arm-none-eabi/lib/thumb/v6-m/libc_nano.a(lib_a-impure.o)
 .ARM.attributes
                0x00000000000006a0       0x2c /opt/st/stm32cubeide_1.1.0/plugins/com.st.stm32cube.ide.mcu.externaltools.gnu-tools-for-stm32.7-2018-q2-update.linux64_1.0.0.201904181610/tools/bin/../lib/gcc/arm-none-eabi/7.3.1/../../../../arm-none-eabi/lib/thumb/v6-m/libc_nano.a(lib_a-init.o)
 .ARM.attributes
                0x00000000000006cc       0x2c /opt/st/stm32cubeide_1.1.0/plugins/com.st.stm32cube.ide.mcu.externaltools.gnu-tools-for-stm32.7-2018-q2-update.linux64_1.0.0.201904181610/tools/bin/../lib/gcc/arm-none-eabi/7.3.1/../../../../arm-none-eabi/lib/thumb/v6-m/libc_nano.a(lib_a-memset.o)
 .ARM.attributes
                0x00000000000006f8       0x2c /opt/st/stm32cubeide_1.1.0/plugins/com.st.stm32cube.ide.mcu.externaltools.gnu-tools-for-stm32.7-2018-q2-update.linux64_1.0.0.201904181610/tools/bin/../lib/gcc/arm-none-eabi/7.3.1/../../../../arm-none-eabi/lib/thumb/v6-m/libc_nano.a(lib_a-sprintf.o)
 .ARM.attributes
                0x0000000000000724       0x1c /opt/st/stm32cubeide_1.1.0/plugins/com.st.stm32cube.ide.mcu.externaltools.gnu-tools-for-stm32.7-2018-q2-update.linux64_1.0.0.201904181610/tools/bin/../lib/gcc/arm-none-eabi/7.3.1/../../../../arm-none-eabi/lib/thumb/v6-m/libc_nano.a(lib_a-strlen.o)
 .ARM.attributes
                0x0000000000000740       0x2c /opt/st/stm32cubeide_1.1.0/plugins/com.st.stm32cube.ide.mcu.externaltools.gnu-tools-for-stm32.7-2018-q2-update.linux64_1.0.0.201904181610/tools/bin/../lib/gcc/arm-none-eabi/7.3.1/../../../../arm-none-eabi/lib/thumb/v6-m/libc_nano.a(lib_a-nano-svfprintf.o)
 .ARM.attributes
                0x000000000000076c       0x2c /opt/st/stm32cubeide_1.1.0/plugins/com.st.stm32cube.ide.mcu.externaltools.gnu-tools-for-stm32.7-2018-q2-update.linux64_1.0.0.201904181610/tools/bin/../lib/gcc/arm-none-eabi/7.3.1/../../../../arm-none-eabi/lib/thumb/v6-m/libc_nano.a(lib_a-nano-vfprintf_i.o)
 .ARM.attributes
                0x0000000000000798       0x2c /opt/st/stm32cubeide_1.1.0/plugins/com.st.stm32cube.ide.mcu.externaltools.gnu-tools-for-stm32.7-2018-q2-update.linux64_1.0.0.201904181610/tools/bin/../lib/gcc/arm-none-eabi/7.3.1/../../../../arm-none-eabi/lib/thumb/v6-m/libc_nano.a(lib_a-memchr-stub.o)
 .ARM.attributes
                0x00000000000007c4       0x2c /opt/st/stm32cubeide_1.1.0/plugins/com.st.stm32cube.ide.mcu.externaltools.gnu-tools-for-stm32.7-2018-q2-update.linux64_1.0.0.201904181610/tools/bin/../lib/gcc/arm-none-eabi/7.3.1/../../../../arm-none-eabi/lib/thumb/v6-m/libc_nano.a(lib_a-memcpy-stub.o)
 .ARM.attributes
                0x00000000000007f0       0x2c /opt/st/stm32cubeide_1.1.0/plugins/com.st.stm32cube.ide.mcu.externaltools.gnu-tools-for-stm32.7-2018-q2-update.linux64_1.0.0.201904181610/tools/bin/../lib/gcc/arm-none-eabi/7.3.1/../../../../arm-none-eabi/lib/thumb/v6-m/libc_nano.a(lib_a-memmove.o)
 .ARM.attributes
                0x000000000000081c       0x2c /opt/st/stm32cubeide_1.1.0/plugins/com.st.stm32cube.ide.mcu.externaltools.gnu-tools-for-stm32.7-2018-q2-update.linux64_1.0.0.201904181610/tools/bin/../lib/gcc/arm-none-eabi/7.3.1/../../../../arm-none-eabi/lib/thumb/v6-m/libc_nano.a(lib_a-nano-freer.o)
 .ARM.attributes
                0x0000000000000848       0x2c /opt/st/stm32cubeide_1.1.0/plugins/com.st.stm32cube.ide.mcu.externaltools.gnu-tools-for-stm32.7-2018-q2-update.linux64_1.0.0.201904181610/tools/bin/../lib/gcc/arm-none-eabi/7.3.1/../../../../arm-none-eabi/lib/thumb/v6-m/libc_nano.a(lib_a-nano-mallocr.o)
 .ARM.attributes
                0x0000000000000874       0x2c /opt/st/stm32cubeide_1.1.0/plugins/com.st.stm32cube.ide.mcu.externaltools.gnu-tools-for-stm32.7-2018-q2-update.linux64_1.0.0.201904181610/tools/bin/../lib/gcc/arm-none-eabi/7.3.1/../../../../arm-none-eabi/lib/thumb/v6-m/libc_nano.a(lib_a-nano-reallocr.o)
 .ARM.attributes
                0x00000000000008a0       0x2c /opt/st/stm32cubeide_1.1.0/plugins/com.st.stm32cube.ide.mcu.externaltools.gnu-tools-for-stm32.7-2018-q2-update.linux64_1.0.0.201904181610/tools/bin/../lib/gcc/arm-none-eabi/7.3.1/../../../../arm-none-eabi/lib/thumb/v6-m/libc_nano.a(lib_a-sbrkr.o)
 .ARM.attributes
                0x00000000000008cc       0x2c /opt/st/stm32cubeide_1.1.0/plugins/com.st.stm32cube.ide.mcu.externaltools.gnu-tools-for-stm32.7-2018-q2-update.linux64_1.0.0.201904181610/tools/bin/../lib/gcc/arm-none-eabi/7.3.1/../../../../arm-none-eabi/lib/thumb/v6-m/libc_nano.a(lib_a-mlock.o)
 .ARM.attributes
                0x00000000000008f8       0x2c /opt/st/stm32cubeide_1.1.0/plugins/com.st.stm32cube.ide.mcu.externaltools.gnu-tools-for-stm32.7-2018-q2-update.linux64_1.0.0.201904181610/tools/bin/../lib/gcc/arm-none-eabi/7.3.1/../../../../arm-none-eabi/lib/thumb/v6-m/libc_nano.a(lib_a-nano-msizer.o)
 .ARM.attributes
                0x0000000000000924       0x2c /opt/st/stm32cubeide_1.1.0/plugins/com.st.stm32cube.ide.mcu.externaltools.gnu-tools-for-stm32.7-2018-q2-update.linux64_1.0.0.201904181610/tools/bin/../lib/gcc/arm-none-eabi/7.3.1/../../../../arm-none-eabi/lib/thumb/v6-m/libc_nano.a(lib_a-reent.o)
 .ARM.attributes
                0x0000000000000950       0x1e /opt/st/stm32cubeide_1.1.0/plugins/com.st.stm32cube.ide.mcu.externaltools.gnu-tools-for-stm32.7-2018-q2-update.linux64_1.0.0.201904181610/tools/bin/../lib/gcc/arm-none-eabi/7.3.1/thumb/v6-m/libgcc.a(_udivsi3.o)
 .ARM.attributes
                0x000000000000096e       0x1e /opt/st/stm32cubeide_1.1.0/plugins/com.st.stm32cube.ide.mcu.externaltools.gnu-tools-for-stm32.7-2018-q2-update.linux64_1.0.0.201904181610/tools/bin/../lib/gcc/arm-none-eabi/7.3.1/thumb/v6-m/libgcc.a(_dvmd_tls.o)
 .ARM.attributes
                0x000000000000098c       0x1e /opt/st/stm32cubeide_1.1.0/plugins/com.st.stm32cube.ide.mcu.externaltools.gnu-tools-for-stm32.7-2018-q2-update.linux64_1.0.0.201904181610/tools/bin/../lib/gcc/arm-none-eabi/7.3.1/thumb/v6-m/libgcc.a(_arm_cmpdf2.o)
 .ARM.attributes
                0x00000000000009aa       0x1e /opt/st/stm32cubeide_1.1.0/plugins/com.st.stm32cube.ide.mcu.externaltools.gnu-tools-for-stm32.7-2018-q2-update.linux64_1.0.0.201904181610/tools/bin/../lib/gcc/arm-none-eabi/7.3.1/thumb/v6-m/libgcc.a(_aeabi_uldivmod.o)
 .ARM.attributes
                0x00000000000009c8       0x2c /opt/st/stm32cubeide_1.1.0/plugins/com.st.stm32cube.ide.mcu.externaltools.gnu-tools-for-stm32.7-2018-q2-update.linux64_1.0.0.201904181610/tools/bin/../lib/gcc/arm-none-eabi/7.3.1/thumb/v6-m/libgcc.a(_fixunsdfsi.o)
 .ARM.attributes
                0x00000000000009f4       0x2c /opt/st/stm32cubeide_1.1.0/plugins/com.st.stm32cube.ide.mcu.externaltools.gnu-tools-for-stm32.7-2018-q2-update.linux64_1.0.0.201904181610/tools/bin/../lib/gcc/arm-none-eabi/7.3.1/thumb/v6-m/libgcc.a(_udivmoddi4.o)
 .ARM.attributes
                0x0000000000000a20       0x2c /opt/st/stm32cubeide_1.1.0/plugins/com.st.stm32cube.ide.mcu.externaltools.gnu-tools-for-stm32.7-2018-q2-update.linux64_1.0.0.201904181610/tools/bin/../lib/gcc/arm-none-eabi/7.3.1/thumb/v6-m/libgcc.a(adddf3.o)
 .ARM.attributes
                0x0000000000000a4c       0x2c /opt/st/stm32cubeide_1.1.0/plugins/com.st.stm32cube.ide.mcu.externaltools.gnu-tools-for-stm32.7-2018-q2-update.linux64_1.0.0.201904181610/tools/bin/../lib/gcc/arm-none-eabi/7.3.1/thumb/v6-m/libgcc.a(divdf3.o)
 .ARM.attributes
                0x0000000000000a78       0x2c /opt/st/stm32cubeide_1.1.0/plugins/com.st.stm32cube.ide.mcu.externaltools.gnu-tools-for-stm32.7-2018-q2-update.linux64_1.0.0.201904181610/tools/bin/../lib/gcc/arm-none-eabi/7.3.1/thumb/v6-m/libgcc.a(eqdf2.o)
 .ARM.attributes
                0x0000000000000aa4       0x2c /opt/st/stm32cubeide_1.1.0/plugins/com.st.stm32cube.ide.mcu.externaltools.gnu-tools-for-stm32.7-2018-q2-update.linux64_1.0.0.201904181610/tools/bin/../lib/gcc/arm-none-eabi/7.3.1/thumb/v6-m/libgcc.a(gedf2.o)
 .ARM.attributes
                0x0000000000000ad0       0x2c /opt/st/stm32cubeide_1.1.0/plugins/com.st.stm32cube.ide.mcu.externaltools.gnu-tools-for-stm32.7-2018-q2-update.linux64_1.0.0.201904181610/tools/bin/../lib/gcc/arm-none-eabi/7.3.1/thumb/v6-m/libgcc.a(ledf2.o)
 .ARM.attributes
                0x0000000000000afc       0x2c /opt/st/stm32cubeide_1.1.0/plugins/com.st.stm32cube.ide.mcu.externaltools.gnu-tools-for-stm32.7-2018-q2-update.linux64_1.0.0.201904181610/tools/bin/../lib/gcc/arm-none-eabi/7.3.1/thumb/v6-m/libgcc.a(muldf3.o)
 .ARM.attributes
                0x0000000000000b28       0x2c /opt/st/stm32cubeide_1.1.0/plugins/com.st.stm32cube.ide.mcu.externaltools.gnu-tools-for-stm32.7-2018-q2-update.linux64_1.0.0.201904181610/tools/bin/../lib/gcc/arm-none-eabi/7.3.1/thumb/v6-m/libgcc.a(subdf3.o)
 .ARM.attributes
                0x0000000000000b54       0x2c /opt/st/stm32cubeide_1.1.0/plugins/com.st.stm32cube.ide.mcu.externaltools.gnu-tools-for-stm32.7-2018-q2-update.linux64_1.0.0.201904181610/tools/bin/../lib/gcc/arm-none-eabi/7.3.1/thumb/v6-m/libgcc.a(fixdfsi.o)
 .ARM.attributes
                0x0000000000000b80       0x2c /opt/st/stm32cubeide_1.1.0/plugins/com.st.stm32cube.ide.mcu.externaltools.gnu-tools-for-stm32.7-2018-q2-update.linux64_1.0.0.201904181610/tools/bin/../lib/gcc/arm-none-eabi/7.3.1/thumb/v6-m/libgcc.a(floatsidf.o)
 .ARM.attributes
                0x0000000000000bac       0x2c /opt/st/stm32cubeide_1.1.0/plugins/com.st.stm32cube.ide.mcu.externaltools.gnu-tools-for-stm32.7-2018-q2-update.linux64_1.0.0.201904181610/tools/bin/../lib/gcc/arm-none-eabi/7.3.1/thumb/v6-m/libgcc.a(floatunsidf.o)
 .ARM.attributes
                0x0000000000000bd8       0x1e /opt/st/stm32cubeide_1.1.0/plugins/com.st.stm32cube.ide.mcu.externaltools.gnu-tools-for-stm32.7-2018-q2-update.linux64_1.0.0.201904181610/tools/bin/../lib/gcc/arm-none-eabi/7.3.1/thumb/v6-m/libgcc.a(_clzsi2.o)
 .ARM.attributes
                0x0000000000000bf6       0x1e /opt/st/stm32cubeide_1.1.0/plugins/com.st.stm32cube.ide.mcu.externaltools.gnu-tools-for-stm32.7-2018-q2-update.linux64_1.0.0.201904181610/tools/bin/../lib/gcc/arm-none-eabi/7.3.1/thumb/v6-m/libgcc.a(_clzdi2.o)
 .ARM.attributes
                0x0000000000000c14       0x1e /opt/st/stm32cubeide_1.1.0/plugins/com.st.stm32cube.ide.mcu.externaltools.gnu-tools-for-stm32.7-2018-q2-update.linux64_1.0.0.201904181610/tools/bin/../lib/gcc/arm-none-eabi/7.3.1/thumb/v6-m/crtn.o
OUTPUT(vihr_l051c8t6_cubeide.elf elf32-littlearm)

.debug_info     0x0000000000000000    0x1a570
 .debug_info    0x0000000000000000     0x110d Core/Src/adc.o
 .debug_info    0x000000000000110d      0xb05 Core/Src/depth_switch_object.o
 .debug_info    0x0000000000001c12      0x235 Core/Src/fonts.o
 .debug_info    0x0000000000001e47      0xbdd Core/Src/gpio.o
 .debug_info    0x0000000000002a24     0x1143 Core/Src/i2c.o
 .debug_info    0x0000000000003b67     0x20c9 Core/Src/main.o
 .debug_info    0x0000000000005c30      0xe62 Core/Src/one_second_timer_object.o
 .debug_info    0x0000000000006a92      0xc4e Core/Src/pressure_sensor_object.o
 .debug_info    0x00000000000076e0     0x1058 Core/Src/rtc_ds3231_object.o
 .debug_info    0x0000000000008738     0x10a5 Core/Src/spi.o
 .debug_info    0x00000000000097dd      0x952 Core/Src/ssd1306.o
 .debug_info    0x000000000000a12f      0xa6d Core/Src/stm32l0xx_hal_msp.o
 .debug_info    0x000000000000ab9c      0xe40 Core/Src/stm32l0xx_it.o
 .debug_info    0x000000000000b9dc      0x91c Core/Src/sysmem.o
 .debug_info    0x000000000000c2f8      0x390 Core/Src/system_stm32l0xx.o
 .debug_info    0x000000000000c688     0x10b1 Core/Src/tim.o
 .debug_info    0x000000000000d739     0x110f Core/Src/usart.o
 .debug_info    0x000000000000e848      0xe89 Core/Src/voltmeter_object.o
 .debug_info    0x000000000000f6d1       0x22 Core/Startup/startup_stm32l051c8tx.o
 .debug_info    0x000000000000f6f3      0x78e Drivers/STM32L0xx_HAL_Driver/Src/stm32l0xx_hal.o
 .debug_info    0x000000000000fe81      0xcec Drivers/STM32L0xx_HAL_Driver/Src/stm32l0xx_hal_adc.o
 .debug_info    0x0000000000010b6d      0x8bb Drivers/STM32L0xx_HAL_Driver/Src/stm32l0xx_hal_cortex.o
 .debug_info    0x0000000000011428      0x6c3 Drivers/STM32L0xx_HAL_Driver/Src/stm32l0xx_hal_gpio.o
 .debug_info    0x0000000000011aeb     0x1eef Drivers/STM32L0xx_HAL_Driver/Src/stm32l0xx_hal_i2c.o
 .debug_info    0x00000000000139da      0x8e8 Drivers/STM32L0xx_HAL_Driver/Src/stm32l0xx_hal_i2c_ex.o
 .debug_info    0x00000000000142c2      0x8c0 Drivers/STM32L0xx_HAL_Driver/Src/stm32l0xx_hal_rcc.o
 .debug_info    0x0000000000014b82      0x4e5 Drivers/STM32L0xx_HAL_Driver/Src/stm32l0xx_hal_rcc_ex.o
 .debug_info    0x0000000000015067     0x159d Drivers/STM32L0xx_HAL_Driver/Src/stm32l0xx_hal_spi.o
 .debug_info    0x0000000000016604     0x23bf Drivers/STM32L0xx_HAL_Driver/Src/stm32l0xx_hal_tim.o
 .debug_info    0x00000000000189c3      0x689 Drivers/STM32L0xx_HAL_Driver/Src/stm32l0xx_hal_tim_ex.o
 .debug_info    0x000000000001904c     0x1524 Drivers/STM32L0xx_HAL_Driver/Src/stm32l0xx_hal_uart.o

.debug_abbrev   0x0000000000000000     0x3977
 .debug_abbrev  0x0000000000000000      0x1f0 Core/Src/adc.o
 .debug_abbrev  0x00000000000001f0      0x224 Core/Src/depth_switch_object.o
 .debug_abbrev  0x0000000000000414       0xc2 Core/Src/fonts.o
 .debug_abbrev  0x00000000000004d6      0x1c5 Core/Src/gpio.o
 .debug_abbrev  0x000000000000069b      0x1fb Core/Src/i2c.o
 .debug_abbrev  0x0000000000000896      0x29a Core/Src/main.o
 .debug_abbrev  0x0000000000000b30      0x1dd Core/Src/one_second_timer_object.o
 .debug_abbrev  0x0000000000000d0d      0x213 Core/Src/pressure_sensor_object.o
 .debug_abbrev  0x0000000000000f20      0x219 Core/Src/rtc_ds3231_object.o
 .debug_abbrev  0x0000000000001139      0x1f0 Core/Src/spi.o
 .debug_abbrev  0x0000000000001329      0x223 Core/Src/ssd1306.o
 .debug_abbrev  0x000000000000154c      0x188 Core/Src/stm32l0xx_hal_msp.o
 .debug_abbrev  0x00000000000016d4      0x1e3 Core/Src/stm32l0xx_it.o
 .debug_abbrev  0x00000000000018b7      0x1bb Core/Src/sysmem.o
 .debug_abbrev  0x0000000000001a72      0x111 Core/Src/system_stm32l0xx.o
 .debug_abbrev  0x0000000000001b83      0x20a Core/Src/tim.o
 .debug_abbrev  0x0000000000001d8d      0x1f0 Core/Src/usart.o
 .debug_abbrev  0x0000000000001f7d      0x1d2 Core/Src/voltmeter_object.o
 .debug_abbrev  0x000000000000214f       0x12 Core/Startup/startup_stm32l051c8tx.o
 .debug_abbrev  0x0000000000002161      0x219 Drivers/STM32L0xx_HAL_Driver/Src/stm32l0xx_hal.o
 .debug_abbrev  0x000000000000237a      0x1fa Drivers/STM32L0xx_HAL_Driver/Src/stm32l0xx_hal_adc.o
 .debug_abbrev  0x0000000000002574      0x261 Drivers/STM32L0xx_HAL_Driver/Src/stm32l0xx_hal_cortex.o
 .debug_abbrev  0x00000000000027d5      0x1c0 Drivers/STM32L0xx_HAL_Driver/Src/stm32l0xx_hal_gpio.o
 .debug_abbrev  0x0000000000002995      0x239 Drivers/STM32L0xx_HAL_Driver/Src/stm32l0xx_hal_i2c.o
 .debug_abbrev  0x0000000000002bce      0x1b0 Drivers/STM32L0xx_HAL_Driver/Src/stm32l0xx_hal_i2c_ex.o
 .debug_abbrev  0x0000000000002d7e      0x21a Drivers/STM32L0xx_HAL_Driver/Src/stm32l0xx_hal_rcc.o
 .debug_abbrev  0x0000000000002f98      0x1d0 Drivers/STM32L0xx_HAL_Driver/Src/stm32l0xx_hal_rcc_ex.o
 .debug_abbrev  0x0000000000003168      0x240 Drivers/STM32L0xx_HAL_Driver/Src/stm32l0xx_hal_spi.o
 .debug_abbrev  0x00000000000033a8      0x22e Drivers/STM32L0xx_HAL_Driver/Src/stm32l0xx_hal_tim.o
 .debug_abbrev  0x00000000000035d6      0x18d Drivers/STM32L0xx_HAL_Driver/Src/stm32l0xx_hal_tim_ex.o
 .debug_abbrev  0x0000000000003763      0x214 Drivers/STM32L0xx_HAL_Driver/Src/stm32l0xx_hal_uart.o

.debug_aranges  0x0000000000000000     0x1260
 .debug_aranges
                0x0000000000000000       0x30 Core/Src/adc.o
 .debug_aranges
                0x0000000000000030       0x48 Core/Src/depth_switch_object.o
 .debug_aranges
                0x0000000000000078       0x18 Core/Src/fonts.o
 .debug_aranges
                0x0000000000000090       0x20 Core/Src/gpio.o
 .debug_aranges
                0x00000000000000b0       0x38 Core/Src/i2c.o
 .debug_aranges
                0x00000000000000e8       0x30 Core/Src/main.o
 .debug_aranges
                0x0000000000000118       0x58 Core/Src/one_second_timer_object.o
 .debug_aranges
                0x0000000000000170       0x40 Core/Src/pressure_sensor_object.o
 .debug_aranges
                0x00000000000001b0       0x48 Core/Src/rtc_ds3231_object.o
 .debug_aranges
                0x00000000000001f8       0x30 Core/Src/spi.o
 .debug_aranges
                0x0000000000000228       0x60 Core/Src/ssd1306.o
 .debug_aranges
                0x0000000000000288       0x20 Core/Src/stm32l0xx_hal_msp.o
 .debug_aranges
                0x00000000000002a8       0x50 Core/Src/stm32l0xx_it.o
 .debug_aranges
                0x00000000000002f8       0x20 Core/Src/sysmem.o
 .debug_aranges
                0x0000000000000318       0x28 Core/Src/system_stm32l0xx.o
 .debug_aranges
                0x0000000000000340       0x30 Core/Src/tim.o
 .debug_aranges
                0x0000000000000370       0x30 Core/Src/usart.o
 .debug_aranges
                0x00000000000003a0       0x30 Core/Src/voltmeter_object.o
 .debug_aranges
                0x00000000000003d0       0x28 Core/Startup/startup_stm32l051c8tx.o
 .debug_aranges
                0x00000000000003f8       0xf8 Drivers/STM32L0xx_HAL_Driver/Src/stm32l0xx_hal.o
 .debug_aranges
                0x00000000000004f0      0x100 Drivers/STM32L0xx_HAL_Driver/Src/stm32l0xx_hal_adc.o
 .debug_aranges
                0x00000000000005f0       0xd8 Drivers/STM32L0xx_HAL_Driver/Src/stm32l0xx_hal_cortex.o
 .debug_aranges
                0x00000000000006c8       0x58 Drivers/STM32L0xx_HAL_Driver/Src/stm32l0xx_hal_gpio.o
 .debug_aranges
                0x0000000000000720      0x288 Drivers/STM32L0xx_HAL_Driver/Src/stm32l0xx_hal_i2c.o
 .debug_aranges
                0x00000000000009a8       0x48 Drivers/STM32L0xx_HAL_Driver/Src/stm32l0xx_hal_i2c_ex.o
 .debug_aranges
                0x00000000000009f0       0x80 Drivers/STM32L0xx_HAL_Driver/Src/stm32l0xx_hal_rcc.o
 .debug_aranges
                0x0000000000000a70       0x58 Drivers/STM32L0xx_HAL_Driver/Src/stm32l0xx_hal_rcc_ex.o
 .debug_aranges
                0x0000000000000ac8      0x1d0 Drivers/STM32L0xx_HAL_Driver/Src/stm32l0xx_hal_spi.o
 .debug_aranges
                0x0000000000000c98      0x3a8 Drivers/STM32L0xx_HAL_Driver/Src/stm32l0xx_hal_tim.o
 .debug_aranges
                0x0000000000001040       0x28 Drivers/STM32L0xx_HAL_Driver/Src/stm32l0xx_hal_tim_ex.o
 .debug_aranges
                0x0000000000001068      0x1f8 Drivers/STM32L0xx_HAL_Driver/Src/stm32l0xx_hal_uart.o

.debug_ranges   0x0000000000000000     0x1070
 .debug_ranges  0x0000000000000000       0x20 Core/Src/adc.o
 .debug_ranges  0x0000000000000020       0x38 Core/Src/depth_switch_object.o
 .debug_ranges  0x0000000000000058       0x10 Core/Src/gpio.o
 .debug_ranges  0x0000000000000068       0x28 Core/Src/i2c.o
 .debug_ranges  0x0000000000000090       0x20 Core/Src/main.o
 .debug_ranges  0x00000000000000b0       0x48 Core/Src/one_second_timer_object.o
 .debug_ranges  0x00000000000000f8       0x30 Core/Src/pressure_sensor_object.o
 .debug_ranges  0x0000000000000128       0x38 Core/Src/rtc_ds3231_object.o
 .debug_ranges  0x0000000000000160       0x20 Core/Src/spi.o
 .debug_ranges  0x0000000000000180       0x50 Core/Src/ssd1306.o
 .debug_ranges  0x00000000000001d0       0x10 Core/Src/stm32l0xx_hal_msp.o
 .debug_ranges  0x00000000000001e0       0x40 Core/Src/stm32l0xx_it.o
 .debug_ranges  0x0000000000000220       0x10 Core/Src/sysmem.o
 .debug_ranges  0x0000000000000230       0x18 Core/Src/system_stm32l0xx.o
 .debug_ranges  0x0000000000000248       0x20 Core/Src/tim.o
 .debug_ranges  0x0000000000000268       0x20 Core/Src/usart.o
 .debug_ranges  0x0000000000000288       0x20 Core/Src/voltmeter_object.o
 .debug_ranges  0x00000000000002a8       0x20 Core/Startup/startup_stm32l051c8tx.o
 .debug_ranges  0x00000000000002c8       0xe8 Drivers/STM32L0xx_HAL_Driver/Src/stm32l0xx_hal.o
 .debug_ranges  0x00000000000003b0       0xf0 Drivers/STM32L0xx_HAL_Driver/Src/stm32l0xx_hal_adc.o
 .debug_ranges  0x00000000000004a0       0xc8 Drivers/STM32L0xx_HAL_Driver/Src/stm32l0xx_hal_cortex.o
 .debug_ranges  0x0000000000000568       0x48 Drivers/STM32L0xx_HAL_Driver/Src/stm32l0xx_hal_gpio.o
 .debug_ranges  0x00000000000005b0      0x278 Drivers/STM32L0xx_HAL_Driver/Src/stm32l0xx_hal_i2c.o
 .debug_ranges  0x0000000000000828       0x38 Drivers/STM32L0xx_HAL_Driver/Src/stm32l0xx_hal_i2c_ex.o
 .debug_ranges  0x0000000000000860       0x70 Drivers/STM32L0xx_HAL_Driver/Src/stm32l0xx_hal_rcc.o
 .debug_ranges  0x00000000000008d0       0x48 Drivers/STM32L0xx_HAL_Driver/Src/stm32l0xx_hal_rcc_ex.o
 .debug_ranges  0x0000000000000918      0x1c0 Drivers/STM32L0xx_HAL_Driver/Src/stm32l0xx_hal_spi.o
 .debug_ranges  0x0000000000000ad8      0x398 Drivers/STM32L0xx_HAL_Driver/Src/stm32l0xx_hal_tim.o
 .debug_ranges  0x0000000000000e70       0x18 Drivers/STM32L0xx_HAL_Driver/Src/stm32l0xx_hal_tim_ex.o
 .debug_ranges  0x0000000000000e88      0x1e8 Drivers/STM32L0xx_HAL_Driver/Src/stm32l0xx_hal_uart.o

.debug_macro    0x0000000000000000    0x15481
 .debug_macro   0x0000000000000000      0x2aa Core/Src/adc.o
 .debug_macro   0x00000000000002aa      0xa48 Core/Src/adc.o
 .debug_macro   0x0000000000000cf2       0x22 Core/Src/adc.o
 .debug_macro   0x0000000000000d14       0x8e Core/Src/adc.o
 .debug_macro   0x0000000000000da2       0x51 Core/Src/adc.o
 .debug_macro   0x0000000000000df3       0xef Core/Src/adc.o
 .debug_macro   0x0000000000000ee2       0x6a Core/Src/adc.o
 .debug_macro   0x0000000000000f4c      0x1df Core/Src/adc.o
 .debug_macro   0x000000000000112b       0x46 Core/Src/adc.o
 .debug_macro   0x0000000000001171       0x18 Core/Src/adc.o
 .debug_macro   0x0000000000001189       0x3c Core/Src/adc.o
 .debug_macro   0x00000000000011c5       0x34 Core/Src/adc.o
 .debug_macro   0x00000000000011f9      0x174 Core/Src/adc.o
 .debug_macro   0x000000000000136d       0x52 Core/Src/adc.o
 .debug_macro   0x00000000000013bf       0x1f Core/Src/adc.o
 .debug_macro   0x00000000000013de       0x43 Core/Src/adc.o
 .debug_macro   0x0000000000001421       0x20 Core/Src/adc.o
 .debug_macro   0x0000000000001441      0x1a3 Core/Src/adc.o
 .debug_macro   0x00000000000015e4      0x330 Core/Src/adc.o
 .debug_macro   0x0000000000001914       0x10 Core/Src/adc.o
 .debug_macro   0x0000000000001924       0x35 Core/Src/adc.o
 .debug_macro   0x0000000000001959       0x20 Core/Src/adc.o
 .debug_macro   0x0000000000001979       0xad Core/Src/adc.o
 .debug_macro   0x0000000000001a26       0x2e Core/Src/adc.o
 .debug_macro   0x0000000000001a54       0x28 Core/Src/adc.o
 .debug_macro   0x0000000000001a7c       0x3a Core/Src/adc.o
 .debug_macro   0x0000000000001ab6       0x26 Core/Src/adc.o
 .debug_macro   0x0000000000001adc      0x44f Core/Src/adc.o
 .debug_macro   0x0000000000001f2b     0x8233 Core/Src/adc.o
 .debug_macro   0x000000000000a15e       0x3c Core/Src/adc.o
 .debug_macro   0x000000000000a19a     0x352c Core/Src/adc.o
 .debug_macro   0x000000000000d6c6       0x55 Core/Src/adc.o
 .debug_macro   0x000000000000d71b      0x8a0 Core/Src/adc.o
 .debug_macro   0x000000000000dfbb      0x625 Core/Src/adc.o
 .debug_macro   0x000000000000e5e0      0x13f Core/Src/adc.o
 .debug_macro   0x000000000000e71f      0x161 Core/Src/adc.o
 .debug_macro   0x000000000000e880      0x28e Core/Src/adc.o
 .debug_macro   0x000000000000eb0e      0x1e9 Core/Src/adc.o
 .debug_macro   0x000000000000ecf7      0x4e1 Core/Src/adc.o
 .debug_macro   0x000000000000f1d8       0x65 Core/Src/adc.o
 .debug_macro   0x000000000000f23d      0x129 Core/Src/adc.o
 .debug_macro   0x000000000000f366      0x2b4 Core/Src/adc.o
 .debug_macro   0x000000000000f61a      0x22c Core/Src/adc.o
 .debug_macro   0x000000000000f846       0x5b Core/Src/adc.o
 .debug_macro   0x000000000000f8a1       0xa5 Core/Src/adc.o
 .debug_macro   0x000000000000f946      0x187 Core/Src/adc.o
 .debug_macro   0x000000000000facd       0x16 Core/Src/adc.o
 .debug_macro   0x000000000000fae3      0x22c Core/Src/adc.o
 .debug_macro   0x000000000000fd0f      0x734 Core/Src/adc.o
 .debug_macro   0x0000000000010443       0xc6 Core/Src/adc.o
 .debug_macro   0x0000000000010509      0x57b Core/Src/adc.o
 .debug_macro   0x0000000000010a84       0x44 Core/Src/adc.o
 .debug_macro   0x0000000000010ac8      0x13d Core/Src/adc.o
 .debug_macro   0x0000000000010c05       0x70 Core/Src/adc.o
 .debug_macro   0x0000000000010c75      0x2c3 Core/Src/depth_switch_object.o
 .debug_macro   0x0000000000010f38       0x2e Core/Src/depth_switch_object.o
 .debug_macro   0x0000000000010f66      0x1e0 Core/Src/fonts.o
 .debug_macro   0x0000000000011146       0x34 Core/Src/fonts.o
 .debug_macro   0x000000000001117a       0x5b Core/Src/fonts.o
 .debug_macro   0x00000000000111d5      0x2aa Core/Src/gpio.o
 .debug_macro   0x000000000001147f      0x2aa Core/Src/i2c.o
 .debug_macro   0x0000000000011729      0x33a Core/Src/main.o
 .debug_macro   0x0000000000011a63      0x1e1 Core/Src/main.o
 .debug_macro   0x0000000000011c44       0x1c Core/Src/main.o
 .debug_macro   0x0000000000011c60       0x16 Core/Src/main.o
 .debug_macro   0x0000000000011c76      0x2c8 Core/Src/one_second_timer_object.o
 .debug_macro   0x0000000000011f3e      0x2af Core/Src/pressure_sensor_object.o
 .debug_macro   0x00000000000121ed       0x40 Core/Src/pressure_sensor_object.o
 .debug_macro   0x000000000001222d      0x2b9 Core/Src/rtc_ds3231_object.o
 .debug_macro   0x00000000000124e6       0x10 Core/Src/rtc_ds3231_object.o
 .debug_macro   0x00000000000124f6      0x2aa Core/Src/spi.o
 .debug_macro   0x00000000000127a0      0x1ef Core/Src/ssd1306.o
 .debug_macro   0x000000000001298f      0x2a0 Core/Src/stm32l0xx_hal_msp.o
 .debug_macro   0x0000000000012c2f      0x2c4 Core/Src/stm32l0xx_it.o
 .debug_macro   0x0000000000012ef3      0x1ae Core/Src/sysmem.o
 .debug_macro   0x00000000000130a1      0x23b Core/Src/sysmem.o
 .debug_macro   0x00000000000132dc       0x16 Core/Src/sysmem.o
 .debug_macro   0x00000000000132f2      0x1dc Core/Src/system_stm32l0xx.o
 .debug_macro   0x00000000000134ce      0x2b0 Core/Src/tim.o
 .debug_macro   0x000000000001377e      0x2aa Core/Src/usart.o
 .debug_macro   0x0000000000013a28      0x2b9 Core/Src/voltmeter_object.o
 .debug_macro   0x0000000000013ce1       0x10 Core/Src/voltmeter_object.o
 .debug_macro   0x0000000000013cf1      0x1fa Drivers/STM32L0xx_HAL_Driver/Src/stm32l0xx_hal.o
 .debug_macro   0x0000000000013eeb      0x1e5 Drivers/STM32L0xx_HAL_Driver/Src/stm32l0xx_hal_adc.o
 .debug_macro   0x00000000000140d0      0x1d6 Drivers/STM32L0xx_HAL_Driver/Src/stm32l0xx_hal_cortex.o
 .debug_macro   0x00000000000142a6      0x20e Drivers/STM32L0xx_HAL_Driver/Src/stm32l0xx_hal_gpio.o
 .debug_macro   0x00000000000144b4      0x29b Drivers/STM32L0xx_HAL_Driver/Src/stm32l0xx_hal_i2c.o
 .debug_macro   0x000000000001474f      0x1d6 Drivers/STM32L0xx_HAL_Driver/Src/stm32l0xx_hal_i2c_ex.o
 .debug_macro   0x0000000000014925      0x1fa Drivers/STM32L0xx_HAL_Driver/Src/stm32l0xx_hal_rcc.o
 .debug_macro   0x0000000000014b1f      0x1d6 Drivers/STM32L0xx_HAL_Driver/Src/stm32l0xx_hal_rcc_ex.o
 .debug_macro   0x0000000000014cf5      0x1de Drivers/STM32L0xx_HAL_Driver/Src/stm32l0xx_hal_spi.o
 .debug_macro   0x0000000000014ed3      0x1d7 Drivers/STM32L0xx_HAL_Driver/Src/stm32l0xx_hal_tim.o
 .debug_macro   0x00000000000150aa      0x1d6 Drivers/STM32L0xx_HAL_Driver/Src/stm32l0xx_hal_tim_ex.o
 .debug_macro   0x0000000000015280      0x201 Drivers/STM32L0xx_HAL_Driver/Src/stm32l0xx_hal_uart.o

.debug_line     0x0000000000000000    0x13429
 .debug_line    0x0000000000000000      0x878 Core/Src/adc.o
 .debug_line    0x0000000000000878      0x90f Core/Src/depth_switch_object.o
 .debug_line    0x0000000000001187      0x6d2 Core/Src/fonts.o
 .debug_line    0x0000000000001859      0x848 Core/Src/gpio.o
 .debug_line    0x00000000000020a1      0x8a5 Core/Src/i2c.o
 .debug_line    0x0000000000002946      0xb6d Core/Src/main.o
 .debug_line    0x00000000000034b3      0x8fb Core/Src/one_second_timer_object.o
 .debug_line    0x0000000000003dae      0x962 Core/Src/pressure_sensor_object.o
 .debug_line    0x0000000000004710      0x8e5 Core/Src/rtc_ds3231_object.o
 .debug_line    0x0000000000004ff5      0x86f Core/Src/spi.o
 .debug_line    0x0000000000005864      0x835 Core/Src/ssd1306.o
 .debug_line    0x0000000000006099      0x83b Core/Src/stm32l0xx_hal_msp.o
 .debug_line    0x00000000000068d4      0x8de Core/Src/stm32l0xx_it.o
 .debug_line    0x00000000000071b2      0x531 Core/Src/sysmem.o
 .debug_line    0x00000000000076e3      0x71f Core/Src/system_stm32l0xx.o
 .debug_line    0x0000000000007e02      0x86a Core/Src/tim.o
 .debug_line    0x000000000000866c      0x871 Core/Src/usart.o
 .debug_line    0x0000000000008edd      0x8ad Core/Src/voltmeter_object.o
 .debug_line    0x000000000000978a       0x8a Core/Startup/startup_stm32l051c8tx.o
 .debug_line    0x0000000000009814      0x8fb Drivers/STM32L0xx_HAL_Driver/Src/stm32l0xx_hal.o
 .debug_line    0x000000000000a10f      0xbd1 Drivers/STM32L0xx_HAL_Driver/Src/stm32l0xx_hal_adc.o
 .debug_line    0x000000000000ace0      0x929 Drivers/STM32L0xx_HAL_Driver/Src/stm32l0xx_hal_cortex.o
 .debug_line    0x000000000000b609      0x87c Drivers/STM32L0xx_HAL_Driver/Src/stm32l0xx_hal_gpio.o
 .debug_line    0x000000000000be85     0x1a72 Drivers/STM32L0xx_HAL_Driver/Src/stm32l0xx_hal_i2c.o
 .debug_line    0x000000000000d8f7      0x834 Drivers/STM32L0xx_HAL_Driver/Src/stm32l0xx_hal_i2c_ex.o
 .debug_line    0x000000000000e12b      0x99a Drivers/STM32L0xx_HAL_Driver/Src/stm32l0xx_hal_rcc.o
 .debug_line    0x000000000000eac5      0x8ac Drivers/STM32L0xx_HAL_Driver/Src/stm32l0xx_hal_rcc_ex.o
 .debug_line    0x000000000000f371     0x10ac Drivers/STM32L0xx_HAL_Driver/Src/stm32l0xx_hal_spi.o
 .debug_line    0x000000000001041d     0x16e6 Drivers/STM32L0xx_HAL_Driver/Src/stm32l0xx_hal_tim.o
 .debug_line    0x0000000000011b03      0x777 Drivers/STM32L0xx_HAL_Driver/Src/stm32l0xx_hal_tim_ex.o
 .debug_line    0x000000000001227a     0x11af Drivers/STM32L0xx_HAL_Driver/Src/stm32l0xx_hal_uart.o

.debug_str      0x0000000000000000    0x788f6
 .debug_str     0x0000000000000000    0x71977 Core/Src/adc.o
                                      0x71d55 (size before relaxing)
 .debug_str     0x0000000000071977      0x1c2 Core/Src/depth_switch_object.o
                                      0x719c6 (size before relaxing)
 .debug_str     0x0000000000071b39       0x75 Core/Src/fonts.o
                                      0x6e6ff (size before relaxing)
 .debug_str     0x0000000000071bae       0x20 Core/Src/gpio.o
                                      0x7190f (size before relaxing)
 .debug_str     0x0000000000071bce      0x2e4 Core/Src/i2c.o
                                      0x71de3 (size before relaxing)
 .debug_str     0x0000000000071eb2     0x1289 Core/Src/main.o
                                      0x732e9 (size before relaxing)
 .debug_str     0x000000000007313b      0x137 Core/Src/one_second_timer_object.o
                                      0x71cc6 (size before relaxing)
 .debug_str     0x0000000000073272       0xe1 Core/Src/pressure_sensor_object.o
                                      0x71a17 (size before relaxing)
 .debug_str     0x0000000000073353      0x156 Core/Src/rtc_ds3231_object.o
                                      0x71e0a (size before relaxing)
 .debug_str     0x00000000000734a9       0x4b Core/Src/spi.o
                                      0x71cff (size before relaxing)
 .debug_str     0x00000000000734f4      0x184 Core/Src/ssd1306.o
                                      0x6ed69 (size before relaxing)