19:03:38 **** Incremental Build of configuration Debug for project vihr_l051c8t6_cubeide ****
make -j4 all 
arm-none-eabi-gcc "../Core/Src/main.c" -mcpu=cortex-m0plus -std=gnu11 -g3 -DUSE_HAL_DRIVER -DDEBUG -DSTM32L051xx -c -I../Drivers/CMSIS/Include -I../Core/Inc -I../Drivers/STM32L0xx_HAL_Driver/Inc -I../Drivers/CMSIS/Device/ST/STM32L0xx/Include -I../Drivers/STM32L0xx_HAL_Driver/Inc/Legacy -O0 -ffunction-sections -fdata-sections -Wall -fstack-usage -MMD -MP -MF"Core/Src/main.d" -MT"Core/Src/main.o" --specs=nano.specs -mfloat-abi=soft -mthumb -o "Core/Src/main.o"
../Core/Src/main.c: In function 'main':
../Core/Src/main.c:144:6: warning: implicit declaration of function 'sprintf' [-Wimplicit-function-declaration]
      sprintf(message, "log mode");
      ^~~~~~~
../Core/Src/main.c:144:6: warning: incompatible implicit declaration of built-in function 'sprintf'
../Core/Src/main.c:144:6: note: include '<stdio.h>' or provide a declaration of 'sprintf'
../Core/Src/main.c:453:17: warning: incompatible implicit declaration of built-in function 'sprintf'
                 sprintf(timestamp, "%02d:%02d %02d.%02d", hours, minutes, date, month);
                 ^~~~~~~
../Core/Src/main.c:453:17: note: include '<stdio.h>' or provide a declaration of 'sprintf'
../Core/Src/main.c:455:17: warning: incompatible implicit declaration of built-in function 'sprintf'
                 sprintf(timestamp, "%02d %02d %02d %02d", hours, minutes, date, month);
                 ^~~~~~~
../Core/Src/main.c:455:17: note: include '<stdio.h>' or provide a declaration of 'sprintf'
../Core/Src/main.c:458:16: warning: incompatible implicit declaration of built-in function 'sprintf'
                sprintf(message, "AVAR GL %02dm", (int)depth_switch_get_current_depth());
                ^~~~~~~
../Core/Src/main.c:458:16: note: include '<stdio.h>' or provide a declaration of 'sprintf'
../Core/Src/main.c:502:17: warning: incompatible implicit declaration of built-in function 'sprintf'
                 sprintf(timestamp, "%02d:%02d %02d.%02d", hours, minutes, date, month);
                 ^~~~~~~
../Core/Src/main.c:502:17: note: include '<stdio.h>' or provide a declaration of 'sprintf'
../Core/Src/main.c:504:17: warning: incompatible implicit declaration of built-in function 'sprintf'
                 sprintf(timestamp, "%02d %02d %02d %02d", hours, minutes, date, month);
                 ^~~~~~~
../Core/Src/main.c:504:17: note: include '<stdio.h>' or provide a declaration of 'sprintf'
../Core/Src/main.c:509:16: warning: incompatible implicit declaration of built-in function 'sprintf'
                sprintf(message, "gl--> %02d.%01dm", (int)depth, (int)((depth - (int)depth)*10.0));
                ^~~~~~~
../Core/Src/main.c:509:16: note: include '<stdio.h>' or provide a declaration of 'sprintf'
../Core/Src/main.c:557:16: warning: incompatible implicit declaration of built-in function 'sprintf'
                sprintf(timestamp, "%02d:%02d %02d.%02d", hours, minutes, date, month);
                ^~~~~~~
../Core/Src/main.c:557:16: note: include '<stdio.h>' or provide a declaration of 'sprintf'
../Core/Src/main.c:650:16: warning: incompatible implicit declaration of built-in function 'sprintf'
                sprintf(message, "%02d.%01d", (int)depth, (int)((depth - (int)depth)*10.0));
                ^~~~~~~
../Core/Src/main.c:650:16: note: include '<stdio.h>' or provide a declaration of 'sprintf'
../Core/Src/main.c:714:16: warning: incompatible implicit declaration of built-in function 'sprintf'
                sprintf(timestamp, "%02d:%02d %02d.%02d", hours, minutes, date, month);
                ^~~~~~~
../Core/Src/main.c:714:16: note: include '<stdio.h>' or provide a declaration of 'sprintf'
../Core/Src/main.c:486:18: warning: unused variable 'data' [-Wunused-variable]
         uint16_t data;
                  ^~~~
../Core/Src/main.c:417:18: warning: unused variable 'accu_voltage' [-Wunused-variable]
           double accu_voltage = voltmeter_get_voltage();
                  ^~~~~~~~~~~~
../Core/Src/main.c:122:11: warning: unused variable 'eeprom_address' [-Wunused-variable]
  uint16_t eeprom_address = 64;
           ^~~~~~~~~~~~~~
../Core/Src/main.c:119:6: warning: unused variable 'mem_test_base' [-Wunused-variable]
  int mem_test_base = 0;
      ^~~~~~~~~~~~~
../Core/Src/main.c:117:6: warning: unused variable 'led_counter' [-Wunused-variable]
  int led_counter = 0;
      ^~~~~~~~~~~
../Core/Src/main.c:55:6: warning: unused variable 'i' [-Wunused-variable]
  int i;
      ^
In file included from ../Core/Src/main.c:17:0:
At top level:
../Core/Inc/voltmeter_object.h:11:15: warning: 'accu_percentage' defined but not used [-Wunused-variable]
 static double accu_percentage;
               ^~~~~~~~~~~~~~~
../Core/Inc/voltmeter_object.h:10:15: warning: 'accu_voltage' defined but not used [-Wunused-variable]
 static double accu_voltage;
               ^~~~~~~~~~~~
../Core/Inc/voltmeter_object.h:9:15: warning: 'voltage_coefficient' defined but not used [-Wunused-variable]
 static double voltage_coefficient = 3.3/4096.0;
               ^~~~~~~~~~~~~~~~~~~
In file included from ../Core/Src/main.c:14:0:
../Core/Inc/pressure_sensor_object.h:28:17: warning: 'sensor_prom' defined but not used [-Wunused-variable]
 static uint16_t sensor_prom[7];
                 ^~~~~~~~~~~
../Core/Inc/pressure_sensor_object.h:25:15: warning: 'P' defined but not used [-Wunused-variable]
 static double P;
               ^
../Core/Inc/pressure_sensor_object.h:24:15: warning: 'SENS' defined but not used [-Wunused-variable]
 static double SENS;
               ^~~~
../Core/Inc/pressure_sensor_object.h:23:15: warning: 'OFF' defined but not used [-Wunused-variable]
 static double OFF;
               ^~~
../Core/Inc/pressure_sensor_object.h:22:15: warning: 'actual_temperature' defined but not used [-Wunused-variable]
 static double actual_temperature;
               ^~~~~~~~~~~~~~~~~~
../Core/Inc/pressure_sensor_object.h:21:15: warning: 'dT' defined but not used [-Wunused-variable]
 static double dT;
               ^~
../Core/Inc/pressure_sensor_object.h:20:17: warning: 'temperature' defined but not used [-Wunused-variable]
 static uint32_t temperature;
                 ^~~~~~~~~~~
../Core/Inc/pressure_sensor_object.h:19:17: warning: 'pressure' defined but not used [-Wunused-variable]
 static uint32_t pressure;
                 ^~~~~~~~
arm-none-eabi-gcc -o "vihr_l051c8t6_cubeide.elf" @"objects.list"   -mcpu=cortex-m0plus -T"/home/eugeny/STM32CubeIDE/workspace_1.1.0/vihr_l051c8t6_cubeide/STM32L051C8TX_FLASH.ld" --specs=nosys.specs -Wl,-Map="vihr_l051c8t6_cubeide.map" -Wl,--gc-sections -static --specs=nano.specs -mfloat-abi=soft -mthumb -Wl,--start-group -lc -lm -Wl,--end-group
Finished building target: vihr_l051c8t6_cubeide.elf
 
arm-none-eabi-objdump -h -S  vihr_l051c8t6_cubeide.elf  > "vihr_l051c8t6_cubeide.list"
arm-none-eabi-size   vihr_l051c8t6_cubeide.elf 
   text	   data	    bss	    dec	    hex	filename
  41572	    156	   3472	  45200	   b090	vihr_l051c8t6_cubeide.elf
Finished building: default.size.stdout
 
Finished building: vihr_l051c8t6_cubeide.list
 
19:03:47 **** Incremental Build of configuration Debug for project vihr_l051c8t6_cubeide ****
make -j4 all 
arm-none-eabi-size   vihr_l051c8t6_cubeide.elf 
   text	   data	    bss	    dec	    hex	filename
  41572	    156	   3472	  45200	   b090	vihr_l051c8t6_cubeide.elf
Finished building: default.size.stdout
 
19:06:01 **** Incremental Build of configuration Debug for project vihr_l051c8t6_cubeide ****
make -j4 all 
arm-none-eabi-size   vihr_l051c8t6_cubeide.elf 
   text	   data	    bss	    dec	    hex	filename
  41572	    156	   3472	  45200	   b090	vihr_l051c8t6_cubeide.elf
Finished building: default.size.stdout
 
19:06:41 **** Incremental Build of configuration Debug for project vihr_l051c8t6_cubeide ****
make -j4 all 
arm-none-eabi-size   vihr_l051c8t6_cubeide.elf 
   text	   data	    bss	    dec	    hex	filename
  41572	    156	   3472	  45200	   b090	vihr_l051c8t6_cubeide.elf
Finished building: default.size.stdout
 
19:07:20 **** Incremental Build of configuration Debug for project vihr_l051c8t6_cubeide ****
make -j4 all 
arm-none-eabi-size   vihr_l051c8t6_cubeide.elf 
   text	   data	    bss	    dec	    hex	filename
  41572	    156	   3472	  45200	   b090	vihr_l051c8t6_cubeide.elf
Finished building: default.size.stdout
 
19:07:54 **** Incremental Build of configuration Debug for project vihr_l051c8t6_cubeide ****
make -j4 all 
arm-none-eabi-size   vihr_l051c8t6_cubeide.elf 
   text	   data	    bss	    dec	    hex	filename
  41572	    156	   3472	  45200	   b090	vihr_l051c8t6_cubeide.elf
Finished building: default.size.stdout
 
